###############################################################################
#
# IAR ELF Linker V7.30.3.8024/W32 for ARM                 01/Dec/2017  16:51:11
# Copyright 2007-2014 IAR Systems AB.
#
#    Output file  =  
#        C:\Moonstar\AILab\第十三届恩智浦智能车竞赛\meetingcar\图像矫正\图像显示\SDHC\Prj\IAR\FN15_Debug\Exe\vcan_Kinetis.out
#    Map file     =  
#        C:\Moonstar\AILab\第十三届恩智浦智能车竞赛\meetingcar\图像矫正\图像显示\SDHC\Prj\IAR\FN15_Debug\List\vcan_Kinetis.map
#    Command line =  
#        C:\Moonstar\AILab\第十三届恩智浦智能车竞赛\meetingcar\图像矫正\图像显示\SDHC\Prj\IAR\FN15_Debug\Obj\diskio.o
#        C:\Moonstar\AILab\第十三届恩智浦智能车竞赛\meetingcar\图像矫正\图像显示\SDHC\Prj\IAR\FN15_Debug\Obj\ff.o
#        C:\Moonstar\AILab\第十三届恩智浦智能车竞赛\meetingcar\图像矫正\图像显示\SDHC\Prj\IAR\FN15_Debug\Obj\main.o
#        C:\Moonstar\AILab\第十三届恩智浦智能车竞赛\meetingcar\图像矫正\图像显示\SDHC\Prj\IAR\FN15_Debug\Obj\misc.o
#        C:\Moonstar\AILab\第十三届恩智浦智能车竞赛\meetingcar\图像矫正\图像显示\SDHC\Prj\IAR\FN15_Debug\Obj\MK60_adc.o
#        C:\Moonstar\AILab\第十三届恩智浦智能车竞赛\meetingcar\图像矫正\图像显示\SDHC\Prj\IAR\FN15_Debug\Obj\MK60_can.o
#        C:\Moonstar\AILab\第十三届恩智浦智能车竞赛\meetingcar\图像矫正\图像显示\SDHC\Prj\IAR\FN15_Debug\Obj\MK60_conf.o
#        C:\Moonstar\AILab\第十三届恩智浦智能车竞赛\meetingcar\图像矫正\图像显示\SDHC\Prj\IAR\FN15_Debug\Obj\MK60_dac.o
#        C:\Moonstar\AILab\第十三届恩智浦智能车竞赛\meetingcar\图像矫正\图像显示\SDHC\Prj\IAR\FN15_Debug\Obj\MK60_dma.o
#        C:\Moonstar\AILab\第十三届恩智浦智能车竞赛\meetingcar\图像矫正\图像显示\SDHC\Prj\IAR\FN15_Debug\Obj\MK60_DWT.o
#        C:\Moonstar\AILab\第十三届恩智浦智能车竞赛\meetingcar\图像矫正\图像显示\SDHC\Prj\IAR\FN15_Debug\Obj\MK60_flash.o
#        C:\Moonstar\AILab\第十三届恩智浦智能车竞赛\meetingcar\图像矫正\图像显示\SDHC\Prj\IAR\FN15_Debug\Obj\MK60_flexbus.o
#        C:\Moonstar\AILab\第十三届恩智浦智能车竞赛\meetingcar\图像矫正\图像显示\SDHC\Prj\IAR\FN15_Debug\Obj\MK60_ftm.o
#        C:\Moonstar\AILab\第十三届恩智浦智能车竞赛\meetingcar\图像矫正\图像显示\SDHC\Prj\IAR\FN15_Debug\Obj\MK60_gpio.o
#        C:\Moonstar\AILab\第十三届恩智浦智能车竞赛\meetingcar\图像矫正\图像显示\SDHC\Prj\IAR\FN15_Debug\Obj\MK60_i2c.o
#        C:\Moonstar\AILab\第十三届恩智浦智能车竞赛\meetingcar\图像矫正\图像显示\SDHC\Prj\IAR\FN15_Debug\Obj\MK60_it.o
#        C:\Moonstar\AILab\第十三届恩智浦智能车竞赛\meetingcar\图像矫正\图像显示\SDHC\Prj\IAR\FN15_Debug\Obj\MK60_lptmr.o
#        C:\Moonstar\AILab\第十三届恩智浦智能车竞赛\meetingcar\图像矫正\图像显示\SDHC\Prj\IAR\FN15_Debug\Obj\MK60_mcg.o
#        C:\Moonstar\AILab\第十三届恩智浦智能车竞赛\meetingcar\图像矫正\图像显示\SDHC\Prj\IAR\FN15_Debug\Obj\MK60_PIT.o
#        C:\Moonstar\AILab\第十三届恩智浦智能车竞赛\meetingcar\图像矫正\图像显示\SDHC\Prj\IAR\FN15_Debug\Obj\MK60_port.o
#        C:\Moonstar\AILab\第十三届恩智浦智能车竞赛\meetingcar\图像矫正\图像显示\SDHC\Prj\IAR\FN15_Debug\Obj\MK60_rtc.o
#        C:\Moonstar\AILab\第十三届恩智浦智能车竞赛\meetingcar\图像矫正\图像显示\SDHC\Prj\IAR\FN15_Debug\Obj\MK60_sdhc.o
#        C:\Moonstar\AILab\第十三届恩智浦智能车竞赛\meetingcar\图像矫正\图像显示\SDHC\Prj\IAR\FN15_Debug\Obj\MK60_spi.o
#        C:\Moonstar\AILab\第十三届恩智浦智能车竞赛\meetingcar\图像矫正\图像显示\SDHC\Prj\IAR\FN15_Debug\Obj\MK60_SysTick.o
#        C:\Moonstar\AILab\第十三届恩智浦智能车竞赛\meetingcar\图像矫正\图像显示\SDHC\Prj\IAR\FN15_Debug\Obj\MK60_uart.o
#        C:\Moonstar\AILab\第十三届恩智浦智能车竞赛\meetingcar\图像矫正\图像显示\SDHC\Prj\IAR\FN15_Debug\Obj\MK60_wdog.o
#        C:\Moonstar\AILab\第十三届恩智浦智能车竞赛\meetingcar\图像矫正\图像显示\SDHC\Prj\IAR\FN15_Debug\Obj\startup_MK60DZ10.o
#        C:\Moonstar\AILab\第十三届恩智浦智能车竞赛\meetingcar\图像矫正\图像显示\SDHC\Prj\IAR\FN15_Debug\Obj\system_MK60DZ10.o
#        C:\Moonstar\AILab\第十三届恩智浦智能车竞赛\meetingcar\图像矫正\图像显示\SDHC\Prj\IAR\FN15_Debug\Obj\VCAN_ASCII.o
#        C:\Moonstar\AILab\第十三届恩智浦智能车竞赛\meetingcar\图像矫正\图像显示\SDHC\Prj\IAR\FN15_Debug\Obj\VCAN_camera.o
#        C:\Moonstar\AILab\第十三届恩智浦智能车竞赛\meetingcar\图像矫正\图像显示\SDHC\Prj\IAR\FN15_Debug\Obj\VCAN_computer.o
#        C:\Moonstar\AILab\第十三届恩智浦智能车竞赛\meetingcar\图像矫正\图像显示\SDHC\Prj\IAR\FN15_Debug\Obj\VCAN_key.o
#        C:\Moonstar\AILab\第十三届恩智浦智能车竞赛\meetingcar\图像矫正\图像显示\SDHC\Prj\IAR\FN15_Debug\Obj\VCAN_LCD.o
#        C:\Moonstar\AILab\第十三届恩智浦智能车竞赛\meetingcar\图像矫正\图像显示\SDHC\Prj\IAR\FN15_Debug\Obj\VCAN_LCD_ILI9341.o
#        C:\Moonstar\AILab\第十三届恩智浦智能车竞赛\meetingcar\图像矫正\图像显示\SDHC\Prj\IAR\FN15_Debug\Obj\VCAN_LED.o
#        C:\Moonstar\AILab\第十三届恩智浦智能车竞赛\meetingcar\图像矫正\图像显示\SDHC\Prj\IAR\FN15_Debug\Obj\VCAN_MMA7455.o
#        C:\Moonstar\AILab\第十三届恩智浦智能车竞赛\meetingcar\图像矫正\图像显示\SDHC\Prj\IAR\FN15_Debug\Obj\VCAN_NRF24L0.o
#        C:\Moonstar\AILab\第十三届恩智浦智能车竞赛\meetingcar\图像矫正\图像显示\SDHC\Prj\IAR\FN15_Debug\Obj\VCAN_OV7725_Eagle.o
#        C:\Moonstar\AILab\第十三届恩智浦智能车竞赛\meetingcar\图像矫正\图像显示\SDHC\Prj\IAR\FN15_Debug\Obj\VCAN_RTC_count.o
#        C:\Moonstar\AILab\第十三届恩智浦智能车竞赛\meetingcar\图像矫正\图像显示\SDHC\Prj\IAR\FN15_Debug\Obj\VCAN_SCCB.o
#        C:\Moonstar\AILab\第十三届恩智浦智能车竞赛\meetingcar\图像矫正\图像显示\SDHC\Prj\IAR\FN15_Debug\Obj\vectors.o
#        --redirect _Printf=_PrintfLargeNoMb --redirect _Scanf=_ScanfLargeNoMb
#        -o
#        C:\Moonstar\AILab\第十三届恩智浦智能车竞赛\meetingcar\图像矫正\图像显示\SDHC\Prj\IAR\FN15_Debug\Exe\vcan_Kinetis.out
#        --map
#        C:\Moonstar\AILab\第十三届恩智浦智能车竞赛\meetingcar\图像矫正\图像显示\SDHC\Prj\IAR\FN15_Debug\List\vcan_Kinetis.map
#        --config
#        "C:\Moonstar\AILab\第十三届恩智浦智能车竞赛\meetingcar\图像矫正\图像显示\SDHC\Prj\IAR\config
#        files\vcan_ROM_K60N1M.icf"
#        C:\Moonstar\AILab\第十三届恩智浦智能车竞赛\meetingcar\图像矫正\图像显示\SDHC\Prj\IAR\..\..\Lib\CMSIS\iar_cortexM4l_math.a
#        --entry __iar_program_start --redirect __write=__write_buffered --vfe
#
###############################################################################

*******************************************************************************
*** RUNTIME MODEL ATTRIBUTES
***

CppFlavor       = *
__SystemLibrary = DLib


*******************************************************************************
*** PLACEMENT SUMMARY
***

"A1":  place at 0x00000000 { ro section .intvec };
"A2":  place at 0x00000410 { ro section .noinit };
"P1":  place in [from 0x00000000 to 0x00100000] { ro, block CodeRelocate };
"P2":  place in [from 0x1fff0410 to 0x20010000] {
          rw, block CodeRelocateRam, block CSTACK, block HEAP };

  Section              Kind        Address    Size  Object
  -------              ----        -------    ----  ------
"A1":                                        0x410
  .intvec              const    0x00000000   0x410  vectors.o [1]
                              - 0x00000410   0x410

"P1", part 1 of 2:                             0x0
  .rodata              const    0x00000410     0x0  zero_init3.o [5]

"A2":                                          0x8
  .noinit              ro code  0x00000410     0x8  startup_MK60DZ10.o [1]
                              - 0x00000418     0x8

"P1", part 2 of 2:                          0x5a68
  .text                ro code  0x00000418  0x18d2  ff.o [1]
  .text                ro code  0x00001cea    0x22  zero_init3.o [5]
  .text                ro code  0x00001d0c   0x648  diskio.o [1]
  .text                ro code  0x00002354   0x838  MK60_sdhc.o [1]
  .text                ro code  0x00002b8c    0xb0  MK60_port.o [1]
  Veneer               ro code  0x00002c3c     0x8  - Linker created -
  Veneer               ro code  0x00002c44     0x8  - Linker created -
  .text                ro code  0x00002c4c   0x140  MK60_conf.o [1]
  .text                ro code  0x00002d8c    0x64  MK60_SysTick.o [1]
  .text                ro code  0x00002df0    0x70  VCAN_LED.o [1]
  .text                ro code  0x00002e60    0x24  printf.o [3]
  .text                ro code  0x00002e84   0x248  MK60_uart.o [1]
  .text                ro code  0x000030cc    0x9c  VCAN_key.o [1]
  .text                ro code  0x00003168   0x130  MK60_gpio.o [1]
  .text                ro code  0x00003298   0xbee  xprintflarge_nomb.o [3]
  .text                ro code  0x00003e88    0x16  strchr.o [5]
  .text                ro code  0x00003ea0    0x36  strlen.o [5]
  .text                ro code  0x00003ed8    0x58  memchr.o [5]
  .text                ro code  0x00003f30    0xee  I64DivMod.o [5]
  .text                ro code  0x00004020    0x76  ABImemcpy_unaligned.o [5]
  .text                ro code  0x00004096    0x42  xdnorm.o [4]
  .text                ro code  0x000040d8    0x2e  DblCmpLe.o [4]
  .text                ro code  0x00004108   0x1a2  DblMul.o [4]
  .text                ro code  0x000042ac   0x246  DblDiv.o [4]
  .text                ro code  0x000044f4    0x2c  DblToI32.o [4]
  .text                ro code  0x00004520    0x1c  I32ToDbl.o [4]
  .text                ro code  0x0000453c   0x180  DblSub.o [4]
  .text                ro code  0x000046bc    0x6c  localeconv.o [3]
  .text                ro code  0x00004728     0xe  div.o [3]
  .text                ro code  0x00004738     0x2  I64DivZer.o [5]
  .text                ro code  0x0000473c    0xd4  DblAdd.o [4]
  .text                ro code  0x00004810     0x2  xtls.o [3]
  .data_init                    0x00004814   0x7f4  <Block>
    Initializer bytes  ro data  0x00004814   0x7f4  <for .data-1>
  Veneer               ro code  0x00005008     0x8  - Linker created -
  .text                ro code  0x00005010   0x3b8  MK60_mcg.o [1]
  CodeRelocate                  0x000053c8   0x1f0  <Block>
    Initializer bytes  ro data  0x000053c8   0x1f0  <for CodeRelocateRam-1>
  .text                ro code  0x000055b8   0x130  system_MK60DZ10.o [1]
  .text                ro code  0x000056e8    0x40  MK60_wdog.o [1]
  .text                ro code  0x00005728    0xcc  main.o [1]
  .text                ro code  0x000057f4    0x2c  misc.o [1]
  .text                ro code  0x00005820    0x66  ABImemset.o [5]
  .rodata              const    0x00005888   0x100  MK60_sdhc.o [1]
  .rodata              const    0x00005988    0x68  MK60_SysTick.o [1]
  .rodata              const    0x000059f0    0x64  MK60_flash.o [1]
  .rodata              const    0x00005a54    0x64  MK60_gpio.o [1]
  .rodata              const    0x00005ab8    0x64  MK60_sdhc.o [1]
  .rodata              const    0x00005b1c    0x64  MK60_uart.o [1]
  .rodata              const    0x00005b80    0x60  misc.o [1]
  .rodata              const    0x00005be0    0x3c  MK60_conf.o [1]
  .rodata              const    0x00005c1c    0x38  main.o [1]
  .text                ro code  0x00005c54    0x28  data_init.o [5]
  .rodata              const    0x00005c7c    0x24  MK60_conf.o [1]
  .text                ro code  0x00005ca0    0x22  fpinit_M.o [4]
  .iar.init_table      const    0x00005cc4    0x10  - Linker created -
  .rodata              const    0x00005cd4    0x20  MK60_conf.o [1]
  .text                ro code  0x00005cf4    0x1a  cmain.o [5]
  .text                ro code  0x00005d0e     0x4  low_level_init.o [3]
  .text                ro code  0x00005d12     0x4  exit.o [3]
  .text                ro code  0x00005d18     0xa  cexit.o [5]
  .text                ro code  0x00005d24     0xc  XXexit.o [5]
  .text                ro code  0x00005d30    0x16  xprout.o [3]
  .text                ro code  0x00005d48     0xc  putchar.o [3]
  .rodata              const    0x00005d54    0x14  main.o [1]
  .rodata              const    0x00005d68    0x14  main.o [1]
  .rodata              const    0x00005d7c    0x14  MK60_conf.o [1]
  .rodata              const    0x00005d90    0x10  ff.o [1]
  .rodata              const    0x00005da0    0x10  main.o [1]
  .rodata              const    0x00005db0    0x10  main.o [1]
  .rodata              const    0x00005dc0    0x10  main.o [1]
  .rodata              const    0x00005dd0    0x10  main.o [1]
  .rodata              const    0x00005de0     0xc  main.o [1]
  .text                ro code  0x00005dec     0xc  cstartup_M.o [5]
  Initializer bytes    ro data  0x00005df8    0x88  <for P2 s0>
                              - 0x00005e80  0x5a68

"P2":                                        0xae4
  .data                         0x1fff0410   0x7f4  <Block>
    .data-1                     0x1fff0410   0x7f4  <Init block>
      .data            inited   0x1fff0410     0x1  diskio.o [1]
      .data            inited   0x1fff0414   0x708  MK60_conf.o [1]
      .data            inited   0x1fff0b1c    0x14  MK60_gpio.o [1]
      .data            inited   0x1fff0b30    0x58  MK60_mcg.o [1]
      .data            inited   0x1fff0b88     0x4  MK60_mcg.o [1]
      .data            inited   0x1fff0b8c    0x14  MK60_port.o [1]
      .data            inited   0x1fff0ba0    0x18  MK60_uart.o [1]
      .data            inited   0x1fff0bb8     0x8  VCAN_key.o [1]
      .data            inited   0x1fff0bc0     0x4  VCAN_LED.o [1]
      .data            inited   0x1fff0bc4    0x40  xfiles.o [3]
  CodeRelocateRam               0x1fff0c04   0x1f0  <Block>
    CodeRelocateRam-1           0x1fff0c04   0x1f0  <Init block>
      Veneer           inited   0x1fff0c04     0x8  - Linker created -
      Veneer           inited   0x1fff0c0c     0x8  - Linker created -
      .textrw          inited   0x1fff0c14   0x190  MK60_flash.o [1]
      .textrw          inited   0x1fff0da4    0x50  MK60_mcg.o [1]
  .bss                          0x1fff0df4    0x78  <Block>
    .bss               zero     0x1fff0df4     0x4  ff.o [1]
    .bss               zero     0x1fff0df8    0x14  MK60_sdhc.o [1]
    .bss               zero     0x1fff0e0c     0x4  system_MK60DZ10.o [1]
    .bss               zero     0x1fff0e10     0x4  system_MK60DZ10.o [1]
    .bss               zero     0x1fff0e14     0x4  system_MK60DZ10.o [1]
    .bss               zero     0x1fff0e18    0x50  xfiles.o [3]
    .bss               zero     0x1fff0e68     0x2  ff.o [1]
  P2 s0                         0x1fff0e6c    0x88  <Init block>
    __DLIB_PERTHREAD   inited   0x1fff0e6c    0x88  localeconv.o [3]
                              - 0x1fff0ef4   0xae4


*******************************************************************************
*** INIT TABLE
***

          Address     Size
          -------     ----
Zero (__iar_zero_init3)
    1 destination range, total size 0x76:
          0x1fff0df4  0x76



*******************************************************************************
*** MODULE SUMMARY
***

    Module                 ro code  rw code  ro data  rw data
    ------                 -------  -------  -------  -------
C:\Moonstar\AILab\第十三届恩智浦智能车竞赛\meetingcar\图像矫正\图像显示\SDHC\Prj\IAR\FN15_Debug\Obj: [1]
    MK60_SysTick.o             100               104
    MK60_conf.o                320             1 951    1 800
    MK60_flash.o                        400      500
    MK60_gpio.o                304               120       20
    MK60_mcg.o                 952       80      172       92
    MK60_port.o                176                20       20
    MK60_sdhc.o              2 104               356       20
    MK60_uart.o                584               124       24
    MK60_wdog.o                 64
    VCAN_LED.o                 112                 4        4
    VCAN_key.o                 156                 8        8
    diskio.o                 1 608                 1        1
    ff.o                     6 354                16        6
    main.o                     204               172
    misc.o                      44                96
    startup_MK60DZ10.o           8
    system_MK60DZ10.o          304                         12
    vectors.o                                  1 040
    ---------------------------------------------------------
    Total:                  13 394      480    4 684    2 007

command line: [2]
    ---------------------------------------------------------
    Total:

dl7M_tlf.a: [3]
    div.o                       14
    exit.o                       4
    localeconv.o               108               136      136
    low_level_init.o             4
    printf.o                    36
    putchar.o                   12
    xfiles.o                                      64      144
    xprintflarge_nomb.o      3 054
    xprout.o                    22
    xtls.o                       2
    ---------------------------------------------------------
    Total:                   3 256               200      280

m7M_tls.a: [4]
    DblAdd.o                   212
    DblCmpLe.o                  46
    DblDiv.o                   582
    DblMul.o                   418
    DblSub.o                   384
    DblToI32.o                  44
    I32ToDbl.o                  28
    fpinit_M.o                  34
    xdnorm.o                    66
    ---------------------------------------------------------
    Total:                   1 814

rt7M_tl.a: [5]
    ABImemcpy_unaligned.o      118
    ABImemset.o                102
    I64DivMod.o                238
    I64DivZer.o                  2
    XXexit.o                    12
    cexit.o                     10
    cmain.o                     26
    cstartup_M.o                12
    data_init.o                 40
    memchr.o                    88
    strchr.o                    22
    strlen.o                    54
    zero_init3.o                34
    ---------------------------------------------------------
    Total:                     758

    Gaps                        24                 4        3
    Linker created              24       16       32
-------------------------------------------------------------
    Grand Total:            19 270      496    4 920    2 290


*******************************************************************************
*** ENTRY LIST
***

Entry                      Address   Size  Type      Object
-----                      -------   ----  ----      ------
.bss$$Base              0x1fff0df4          --   Gb  - Linker created -
.bss$$Limit             0x1fff0e6c          --   Gb  - Linker created -
.data$$Base             0x1fff0410          --   Gb  - Linker created -
.data$$Limit            0x1fff0c04          --   Gb  - Linker created -
.data_init$$Base        0x00004814          --   Gb  - Linker created -
.data_init$$Limit       0x00005008          --   Gb  - Linker created -
?main                   0x00005cf5         Code  Gb  cmain.o [5]
ASSERT_FAILED_STR       0x00005c7c   0x24  Data  Gb  MK60_conf.o [1]
CodeRelocate$$Base      0x000053c8          --   Gb  - Linker created -
CodeRelocate$$Limit     0x000055b8          --   Gb  - Linker created -
CodeRelocateRam$$Base   0x1fff0c04          --   Gb  - Linker created -
CodeRelocateRam$$Limit  0x1fff0df4          --   Gb  - Linker created -
ESDHC_COMMAND_XFERTYP   0x00005888  0x100  Data  Gb  MK60_sdhc.o [1]
FatFs                   0x1fff0df4    0x4  Data  Lc  ff.o [1]
Fsid                    0x1fff0e68    0x2  Data  Lc  ff.o [1]
GPIOX                   0x1fff0b1c   0x14  Data  Gb  MK60_gpio.o [1]
KEY_PTxn                0x1fff0bb8    0x8  Data  Gb  VCAN_key.o [1]
LED_PTxn                0x1fff0bc0    0x4  Data  Gb  VCAN_LED.o [1]
LoadInt                 0x00003813   0x6e  Code  Lc  xprintflarge_nomb.o [3]
NVIC_SystemReset        0x00002c4d   0x1a  Code  Lc  MK60_conf.o [1]
PORTX                   0x1fff0b8c   0x14  Data  Gb  MK60_port.o [1]
Region$$Table$$Base     0x00005cc4          --   Gb  - Linker created -
Region$$Table$$Limit    0x00005cd4          --   Gb  - Linker created -
Reset_Handler           0x00000411         Code  Gb  startup_MK60DZ10.o [1]
SDHC_card               0x1fff0df8   0x14  Data  Gb  MK60_sdhc.o [1]
SDHC_cmd                0x0000251d  0x170  Code  Gb  MK60_sdhc.o [1]
SDHC_init               0x00002355   0xf4  Code  Gb  MK60_sdhc.o [1]
SDHC_ioctl              0x0000268d  0x494  Code  Gb  MK60_sdhc.o [1]
SDHC_set_baudrate       0x00002449   0xd4  Code  Gb  MK60_sdhc.o [1]
Stat                    0x1fff0410    0x1  Data  Lc  diskio.o [1]
UARTN                   0x1fff0ba0   0x18  Data  Gb  MK60_uart.o [1]
_GenldLargeNoMb         0x00003c09  0x236  Code  Lc  xprintflarge_nomb.o [3]
_LdtobLargeNoMb         0x00003989  0x27a  Code  Lc  xprintflarge_nomb.o [3]
_LitobLargeNoMb         0x00003881  0x106  Code  Lc  xprintflarge_nomb.o [3]
_Locale_aeabi_lconv     0x1fff0ebc   0x38  Data  Gb  localeconv.o [3]
_Locale_lconv           0x1fff0e6c   0x50  Data  Gb  localeconv.o [3]
_PrintfLargeNoMb        0x00003299  0x574  Code  Gb  xprintflarge_nomb.o [3]
_Prout                  0x00005d31   0x16  Code  Gb  xprout.o [3]
_PutcharsLargeNoMb      0x00003e3f   0x2e  Code  Lc  xprintflarge_nomb.o [3]
__BOOT_STACK_ADDRESS {Abs}
                        0x2000fff8          --   Gb  command line/config [2]
__VECTOR_RAM {Abs}      0x1fff0000          --   Gb  command line/config [2]
__VECTOR_TABLE {Abs}    0x00000000          --   Gb  command line/config [2]
__aeabi_cdcmple         0x000040d9         Code  Gb  DblCmpLe.o [4]
__aeabi_d2uiz           0x000044f5         Code  Gb  DblToI32.o [4]
__aeabi_ddiv            0x000042ad         Code  Gb  DblDiv.o [4]
__aeabi_dmul            0x00004109         Code  Gb  DblMul.o [4]
__aeabi_dsub            0x0000453d         Code  Gb  DblSub.o [4]
__aeabi_ldiv0           0x00004739         Code  Gb  I64DivZer.o [5]
__aeabi_memset          0x00005821         Code  Gb  ABImemset.o [5]
__aeabi_ui2d            0x00004521         Code  Gb  I32ToDbl.o [4]
__aeabi_uldivmod        0x00003f31         Code  Gb  I64DivMod.o [5]
__cmain                 0x00005cf5         Code  Gb  cmain.o [5]
__code_start__ {Abs}    0x00000410          --   Gb  command line/config [2]
__exit                  0x00005d25         Code  Gb  XXexit.o [5]
__iar_Dnorm             0x00004097   0x42  Code  Gb  xdnorm.o [4]
__iar_Locale_lconv_init
                        0x000046bd   0x3a  Code  Gb  localeconv.o [3]
__iar_Memchr            0x00003ed9         Code  Gb  memchr.o [5]
__iar_Memset            0x00005821         Code  Gb  ABImemset.o [5]
__iar_Memset_word       0x00005829         Code  Gb  ABImemset.o [5]
__iar_Stdout            0x1fff0bc4   0x40  Data  Gb  xfiles.o [3]
__iar_Strchr            0x00003e89         Code  Gb  strchr.o [5]
__iar_d2uiz             0x00004501         Code  Gb  DblToI32.o [4]
__iar_dadd              0x0000473d         Code  Gb  DblAdd.o [4]
__iar_data_init3        0x00005c55   0x28  Code  Gb  data_init.o [5]
__iar_dlib_perthread_access
                        0x00004811    0x2  Code  Gb  xtls.o [3]
__iar_dsub              0x00004551         Code  Gb  DblSub.o [4]
__iar_dsubStart         0x00004563         Code  Gb  DblSub.o [4]
__iar_init_vfp          0x00005ca1         Code  Gb  fpinit_M.o [4]
__iar_program_start     0x00005ded         Code  Gb  cstartup_M.o [5]
__iar_ui2d              0x00004525         Code  Gb  I32ToDbl.o [4]
__iar_unaligned___aeabi_memcpy
                        0x00004021         Code  Gb  ABImemcpy_unaligned.o [5]
__iar_unaligned___aeabi_memcpy4
                        0x00004041         Code  Gb  ABImemcpy_unaligned.o [5]
__iar_unaligned___aeabi_memcpy8
                        0x00004041         Code  Gb  ABImemcpy_unaligned.o [5]
__iar_zero_init3        0x00001ceb   0x22  Code  Gb  zero_init3.o [5]
__low_level_init        0x00005d0f    0x4  Code  Gb  low_level_init.o [3]
__vector_table          0x00000000  0x410  Data  Gb  vectors.o [1]
_call_main              0x00005d01         Code  Gb  cmain.o [5]
_exit                   0x00005d19         Code  Gb  cexit.o [5]
_main                   0x00005d0b         Code  Gb  cmain.o [5]
assert_failed           0x00002c67   0x26  Code  Gb  MK60_conf.o [1]
bus_clk_khz             0x1fff0e14    0x4  Data  Gb  system_MK60DZ10.o [1]
check_fs                0x00000e99   0x7a  Code  Lc  ff.o [1]
chk_chr                 0x0000046f   0x1a  Code  Lc  ff.o [1]
chk_mounted             0x00000f13  0x444  Code  Lc  ff.o [1]
clust2sect              0x000005d9   0x1a  Code  Gb  ff.o [1]
common_startup          0x00005617   0x98  Code  Gb  system_MK60DZ10.o [1]
core_clk_khz            0x1fff0e0c    0x4  Data  Gb  system_MK60DZ10.o [1]
core_clk_mhz            0x1fff0e10    0x4  Data  Gb  system_MK60DZ10.o [1]
create_chain            0x000008c7   0xdc  Code  Lc  ff.o [1]
create_name             0x00000c83  0x170  Code  Lc  ff.o [1]
default_isr             0x00002d3b   0x30  Code  Gb  MK60_conf.o [1]
dir_find                0x00000b99   0x68  Code  Lc  ff.o [1]
dir_next                0x00000a59  0x140  Code  Lc  ff.o [1]
dir_register            0x00000c01   0x82  Code  Lc  ff.o [1]
dir_sdi                 0x000009a3   0xb6  Code  Lc  ff.o [1]
disk_initialize         0x00001d0d  0x280  Code  Gb  diskio.o [1]
disk_ioctl              0x00002275   0xb0  Code  Gb  diskio.o [1]
disk_read               0x00002009   0xca  Code  Gb  diskio.o [1]
disk_status             0x00002325   0x12  Code  Gb  diskio.o [1]
disk_write              0x00002131  0x144  Code  Gb  diskio.o [1]
div                     0x00004729    0xe  Code  Gb  div.o [3]
exit                    0x00005d13    0x4  Code  Gb  exit.o [3]
f_close                 0x00001a89   0x1c  Code  Gb  ff.o [1]
f_lseek                 0x00001aa5  0x1dc  Code  Gb  ff.o [1]
f_mount                 0x00001385   0x32  Code  Gb  ff.o [1]
f_open                  0x000013d1  0x1a6  Code  Gb  ff.o [1]
f_putc                  0x00001c81   0x38  Code  Gb  ff.o [1]
f_puts                  0x00001cb9   0x32  Code  Gb  ff.o [1]
f_read                  0x00001577  0x208  Code  Gb  ff.o [1]
f_sync                  0x000019c5   0xc4  Code  Gb  ff.o [1]
f_write                 0x0000177f  0x246  Code  Gb  ff.o [1]
flash_cmd               0x1fff0c15   0x20  Code  Gb  MK60_flash.o [1]
flash_erase_sector      0x1fff0c59   0x5c  Code  Gb  MK60_flash.o [1]
flash_init              0x1fff0c35   0x24  Code  Gb  MK60_flash.o [1]
flash_write             0x1fff0cb5   0xb4  Code  Gb  MK60_flash.o [1]
follow_path             0x00000df3   0xa6  Code  Lc  ff.o [1]
fputc                   0x00002c8d   0x14  Code  Gb  MK60_conf.o [1]
get_fat                 0x000005f3   0xfe  Code  Gb  ff.o [1]
get_fattime             0x00002351    0x4  Code  Gb  diskio.o [1]
gpio_get                0x00003251   0x3e  Code  Gb  MK60_gpio.o [1]
gpio_init               0x00003169   0xae  Code  Gb  MK60_gpio.o [1]
gpio_turn               0x00003217   0x3a  Code  Gb  MK60_gpio.o [1]
key_check               0x00003139   0x2a  Code  Gb  VCAN_key.o [1]
key_get                 0x0000311f   0x1a  Code  Gb  VCAN_key.o [1]
key_init                0x000030cd   0x52  Code  Gb  VCAN_key.o [1]
led_init                0x00002df1   0x3a  Code  Gb  VCAN_LED.o [1]
led_turn                0x00002e2b   0x32  Code  Gb  VCAN_LED.o [1]
localeconv              0x000046f7   0x16  Code  Gb  localeconv.o [3]
main                    0x00005729   0xcc  Code  Gb  main.o [1]
mcg_cfg                 0x1fff0b30   0x58  Data  Gb  MK60_mcg.o [1]
mcg_div                 0x1fff0b88    0x4  Data  Gb  MK60_mcg.o [1]
mcg_div_count           0x00005011  0x2e8  Code  Gb  MK60_mcg.o [1]
mem_cmp                 0x0000044b   0x24  Code  Lc  ff.o [1]
mem_cpy                 0x00000419   0x1c  Code  Lc  ff.o [1]
mem_set                 0x00000435   0x16  Code  Lc  ff.o [1]
memchr                  0x00003ed9         Code  Gb  memchr.o [5]
move_window             0x00000489   0x78  Code  Lc  ff.o [1]
obuf                    0x1fff0e18   0x50  Data  Lc  xfiles.o [3]
pll_init                0x000052f9   0xb2  Code  Gb  MK60_mcg.o [1]
port_init               0x00002b8d   0x44  Code  Gb  MK60_port.o [1]
port_init_NoALT         0x00002bd1   0x62  Code  Gb  MK60_port.o [1]
printf                  0x00002e61   0x24  Code  Gb  printf.o [3]
put_fat                 0x000006f1  0x164  Code  Gb  ff.o [1]
putchar                 0x00005d49    0xc  Code  Gb  putchar.o [3]
rcvr_datablock          0x00001f8d   0x7c  Code  Lc  diskio.o [1]
remove_chain            0x00000855   0x72  Code  Lc  ff.o [1]
set_sys_dividers        0x1fff0da5   0x50  Code  Gb  MK60_mcg.o [1]
start                   0x000055b9   0x22  Code  Gb  system_MK60DZ10.o [1]
start_check             0x00002ca1   0x9a  Code  Gb  MK60_conf.o [1]
strchr                  0x00003e89         Code  Gb  strchr.o [5]
strlen                  0x00003ea1         Code  Gb  strlen.o [5]
sync                    0x00000501   0xd8  Code  Lc  ff.o [1]
sysinit                 0x000055db   0x3c  Code  Gb  system_MK60DZ10.o [1]
systick_delay           0x00002d8d   0x36  Code  Gb  MK60_SysTick.o [1]
systick_delay_ms        0x00002dc3   0x18  Code  Gb  MK60_SysTick.o [1]
uart_init               0x00002e85  0x214  Code  Gb  MK60_uart.o [1]
uart_putchar            0x00003099   0x1a  Code  Gb  MK60_uart.o [1]
validate                0x00001357   0x2e  Code  Lc  ff.o [1]
vector_str              0x1fff0414  0x708  Data  Gb  MK60_conf.o [1]
wdog_disable            0x000056e9   0x16  Code  Gb  MK60_wdog.o [1]
wdog_unlock             0x000056ff   0x20  Code  Lc  MK60_wdog.o [1]
write_vtor              0x000057f5   0x22  Code  Gb  misc.o [1]
xmit_datablock          0x000020d3   0x5e  Code  Lc  diskio.o [1]


[1] = C:\Moonstar\AILab\第十三届恩智浦智能车竞赛\meetingcar\图像矫正\图像显示\SDHC\Prj\IAR\FN15_Debug\Obj
[2] = command line
[3] = dl7M_tlf.a
[4] = m7M_tls.a
[5] = rt7M_tl.a

  19 270 bytes of readonly  code memory
     496 bytes of readwrite code memory
   4 920 bytes of readonly  data memory
   2 290 bytes of readwrite data memory

Errors: none
Warnings: none
