###############################################################################
#
# IAR ELF Linker V7.20.2.7424/W32 for ARM                 28/Jul/2015  13:38:47
# Copyright 2007-2014 IAR Systems AB.
#
#    Output file  =  
#        C:\Users\Administrator\Desktop\lpld\LPLD_OSKinetis_V3.1\project\ligen_car通用7-28-3.23封\iar\FLASH\Exe\ligen_car_K60F12.out
#    Map file     =  
#        C:\Users\Administrator\Desktop\lpld\LPLD_OSKinetis_V3.1\project\ligen_car通用7-28-3.23封\iar\FLASH\List\ligen_car_K60F12.map
#    Command line =  
#        C:\Users\Administrator\Desktop\lpld\LPLD_OSKinetis_V3.1\project\ligen_car通用7-28-3.23封\iar\FLASH\Obj\alloc.o
#        C:\Users\Administrator\Desktop\lpld\LPLD_OSKinetis_V3.1\project\ligen_car通用7-28-3.23封\iar\FLASH\Obj\assert.o
#        C:\Users\Administrator\Desktop\lpld\LPLD_OSKinetis_V3.1\project\ligen_car通用7-28-3.23封\iar\FLASH\Obj\CONTROL.o
#        C:\Users\Administrator\Desktop\lpld\LPLD_OSKinetis_V3.1\project\ligen_car通用7-28-3.23封\iar\FLASH\Obj\HW_ADC.o
#        C:\Users\Administrator\Desktop\lpld\LPLD_OSKinetis_V3.1\project\ligen_car通用7-28-3.23封\iar\FLASH\Obj\HW_CAN.o
#        C:\Users\Administrator\Desktop\lpld\LPLD_OSKinetis_V3.1\project\ligen_car通用7-28-3.23封\iar\FLASH\Obj\HW_DAC.o
#        C:\Users\Administrator\Desktop\lpld\LPLD_OSKinetis_V3.1\project\ligen_car通用7-28-3.23封\iar\FLASH\Obj\HW_DMA.o
#        C:\Users\Administrator\Desktop\lpld\LPLD_OSKinetis_V3.1\project\ligen_car通用7-28-3.23封\iar\FLASH\Obj\HW_ENET.o
#        C:\Users\Administrator\Desktop\lpld\LPLD_OSKinetis_V3.1\project\ligen_car通用7-28-3.23封\iar\FLASH\Obj\HW_FLASH.o
#        C:\Users\Administrator\Desktop\lpld\LPLD_OSKinetis_V3.1\project\ligen_car通用7-28-3.23封\iar\FLASH\Obj\HW_FLEXBUS.o
#        C:\Users\Administrator\Desktop\lpld\LPLD_OSKinetis_V3.1\project\ligen_car通用7-28-3.23封\iar\FLASH\Obj\HW_FTM.o
#        C:\Users\Administrator\Desktop\lpld\LPLD_OSKinetis_V3.1\project\ligen_car通用7-28-3.23封\iar\FLASH\Obj\HW_GPIO.o
#        C:\Users\Administrator\Desktop\lpld\LPLD_OSKinetis_V3.1\project\ligen_car通用7-28-3.23封\iar\FLASH\Obj\HW_I2C.o
#        C:\Users\Administrator\Desktop\lpld\LPLD_OSKinetis_V3.1\project\ligen_car通用7-28-3.23封\iar\FLASH\Obj\HW_LPTMR.o
#        C:\Users\Administrator\Desktop\lpld\LPLD_OSKinetis_V3.1\project\ligen_car通用7-28-3.23封\iar\FLASH\Obj\HW_MCG.o
#        C:\Users\Administrator\Desktop\lpld\LPLD_OSKinetis_V3.1\project\ligen_car通用7-28-3.23封\iar\FLASH\Obj\HW_NVIC.o
#        C:\Users\Administrator\Desktop\lpld\LPLD_OSKinetis_V3.1\project\ligen_car通用7-28-3.23封\iar\FLASH\Obj\HW_PDB.o
#        C:\Users\Administrator\Desktop\lpld\LPLD_OSKinetis_V3.1\project\ligen_car通用7-28-3.23封\iar\FLASH\Obj\HW_PIT.o
#        C:\Users\Administrator\Desktop\lpld\LPLD_OSKinetis_V3.1\project\ligen_car通用7-28-3.23封\iar\FLASH\Obj\HW_RTC.o
#        C:\Users\Administrator\Desktop\lpld\LPLD_OSKinetis_V3.1\project\ligen_car通用7-28-3.23封\iar\FLASH\Obj\HW_SDHC.o
#        C:\Users\Administrator\Desktop\lpld\LPLD_OSKinetis_V3.1\project\ligen_car通用7-28-3.23封\iar\FLASH\Obj\HW_SPI.o
#        C:\Users\Administrator\Desktop\lpld\LPLD_OSKinetis_V3.1\project\ligen_car通用7-28-3.23封\iar\FLASH\Obj\HW_SYSTICK.o
#        C:\Users\Administrator\Desktop\lpld\LPLD_OSKinetis_V3.1\project\ligen_car通用7-28-3.23封\iar\FLASH\Obj\HW_TSI.o
#        C:\Users\Administrator\Desktop\lpld\LPLD_OSKinetis_V3.1\project\ligen_car通用7-28-3.23封\iar\FLASH\Obj\HW_UART.o
#        C:\Users\Administrator\Desktop\lpld\LPLD_OSKinetis_V3.1\project\ligen_car通用7-28-3.23封\iar\FLASH\Obj\HW_USB.o
#        C:\Users\Administrator\Desktop\lpld\LPLD_OSKinetis_V3.1\project\ligen_car通用7-28-3.23封\iar\FLASH\Obj\HW_WDOG.o
#        C:\Users\Administrator\Desktop\lpld\LPLD_OSKinetis_V3.1\project\ligen_car通用7-28-3.23封\iar\FLASH\Obj\IMAGE.o
#        C:\Users\Administrator\Desktop\lpld\LPLD_OSKinetis_V3.1\project\ligen_car通用7-28-3.23封\iar\FLASH\Obj\io.o
#        C:\Users\Administrator\Desktop\lpld\LPLD_OSKinetis_V3.1\project\ligen_car通用7-28-3.23封\iar\FLASH\Obj\ligen_car.o
#        C:\Users\Administrator\Desktop\lpld\LPLD_OSKinetis_V3.1\project\ligen_car通用7-28-3.23封\iar\FLASH\Obj\LQOLED.o
#        C:\Users\Administrator\Desktop\lpld\LPLD_OSKinetis_V3.1\project\ligen_car通用7-28-3.23封\iar\FLASH\Obj\PID.o
#        C:\Users\Administrator\Desktop\lpld\LPLD_OSKinetis_V3.1\project\ligen_car通用7-28-3.23封\iar\FLASH\Obj\printf.o
#        C:\Users\Administrator\Desktop\lpld\LPLD_OSKinetis_V3.1\project\ligen_car通用7-28-3.23封\iar\FLASH\Obj\queue.o
#        C:\Users\Administrator\Desktop\lpld\LPLD_OSKinetis_V3.1\project\ligen_car通用7-28-3.23封\iar\FLASH\Obj\relocate.o
#        C:\Users\Administrator\Desktop\lpld\LPLD_OSKinetis_V3.1\project\ligen_car通用7-28-3.23封\iar\FLASH\Obj\startup_K60F12.o
#        C:\Users\Administrator\Desktop\lpld\LPLD_OSKinetis_V3.1\project\ligen_car通用7-28-3.23封\iar\FLASH\Obj\stdlib.o
#        C:\Users\Administrator\Desktop\lpld\LPLD_OSKinetis_V3.1\project\ligen_car通用7-28-3.23封\iar\FLASH\Obj\sys.o
#        C:\Users\Administrator\Desktop\lpld\LPLD_OSKinetis_V3.1\project\ligen_car通用7-28-3.23封\iar\FLASH\Obj\system_MK60.o
#        C:\Users\Administrator\Desktop\lpld\LPLD_OSKinetis_V3.1\project\ligen_car通用7-28-3.23封\iar\FLASH\Obj\uif.o
#        --redirect _Printf=_PrintfFull --redirect _Scanf=_ScanfFull -o
#        C:\Users\Administrator\Desktop\lpld\LPLD_OSKinetis_V3.1\project\ligen_car通用7-28-3.23封\iar\FLASH\Exe\ligen_car_K60F12.out
#        --map
#        C:\Users\Administrator\Desktop\lpld\LPLD_OSKinetis_V3.1\project\ligen_car通用7-28-3.23封\iar\FLASH\List\ligen_car_K60F12.map
#        --config
#        C:\Users\Administrator\Desktop\lpld\LPLD_OSKinetis_V3.1\project\ligen_car通用7-28-3.23封\iar\..\..\..\lib\iar_config_files\LPLD_K60FN1M0_FLASH.icf
#        --semihosting --entry __iar_program_start "C:\Program Files\IAR
#        Systems\Embedded Workbench 7.0\arm\CMSIS\Lib\IAR\iar_cortexM4l_math.a"
#        --merge_duplicate_sections --vfe
#
###############################################################################

*******************************************************************************
*** RUNTIME MODEL ATTRIBUTES
***

CppFlavor       = *
__SystemLibrary = DLib


*******************************************************************************
*** PLACEMENT SUMMARY
***

"A1":  place at 0x00000000 { ro section .intvec };
"A2":  place at 0x00000410 { ro section .noinit };
"P1":  place in [from 0x00000000 to 0x0007ffff] { ro, block CodeRelocate };
"P2":  place in [from 0x1fff0410 to 0x2000fff0] {
          rw, block CodeRelocateRam, block CSTACK, block HEAP };

  Section              Kind        Address     Size  Object
  -------              ----        -------     ----  ------
"A1":                                         0x400
  .intvec              ro code  0x00000000    0x400  startup_K60F12.o [1]
                              - 0x00000400    0x400

"P1", part 1 of 2:                              0x0
  .rodata              const    0x00000400      0x0  zero_init3.o [5]
  CodeRelocate                  0x00000400      0x0  <Block>

"A2":                                          0x14
  .noinit              ro code  0x00000410     0x10  startup_K60F12.o [1]
  .noinit              ro code  0x00000420      0x4  startup_K60F12.o [1]
                              - 0x00000424     0x14

"P1", part 2 of 2:                           0xa2e0
  .text                ro code  0x00000424   0x27b8  IMAGE.o [1]
  .text                ro code  0x00002bdc     0x2e  DblCmpLe.o [4]
  .text                ro code  0x00002c0a     0x22  zero_init3.o [5]
  .text                ro code  0x00002c2c      0x6  ABImemclr4.o [5]
  .text                ro code  0x00002c34     0x30  I32ToDbl.o [4]
  .text                ro code  0x00002c64    0x1a2  DblMul.o [4]
  .text                ro code  0x00002e08     0x4c  DblToI32.o [4]
  .text                ro code  0x00002e54    0x246  DblDiv.o [4]
  .text                ro code  0x0000309c     0xe8  DblAdd.o [4]
  .text                ro code  0x00003184     0x32  I32ToFlt.o [4]
  .text                ro code  0x000031b8     0x90  DblToFlt.o [4]
  .text                ro code  0x00003248     0xe6  FltSub.o [4]
  .text                ro code  0x00003330     0xd8  FltMul.o [4]
  .text                ro code  0x00003408     0x4e  FltToDbl.o [4]
  .text                ro code  0x00003458     0x32  ABImemset48.o [5]
  .text                ro code  0x0000348c    0x16c  DblSub.o [4]
  .text                ro code  0x000035f8     0x84  FltAdd.o [4]
  .text                ro code  0x0000367c   0x1544  sys.o [1]
  .text                ro code  0x00004bc0     0x56  ABImemcpy_unaligned.o [5]
  .text                ro code  0x00004c18    0x164  HW_GPIO.o [1]
  .text                ro code  0x00004d7c    0x710  HW_DMA.o [1]
  .text                ro code  0x0000548c     0x44  FltToS32.o [4]
  .text                ro code  0x000054d0     0x24  FltCmpLe.o [4]
  .text                ro code  0x000054f4     0xfc  FltDiv.o [4]
  .text                ro code  0x000055f0    0x7f8  HW_UART.o [1]
  .text                ro code  0x00005de8     0x5e  stdlib.o [1]
  .text                ro code  0x00005e48     0x1c  FltCmpEq.o [4]
  .text                ro code  0x00005e64   0x137c  ligen_car.o [1]
  .text                ro code  0x000071e0    0xb2c  HW_FTM.o [1]
  .text                ro code  0x00007d0c    0x4e6  printf.o [1]
  .text                ro code  0x000081f4    0x578  LQOLED.o [1]
  .text                ro code  0x0000876c    0x620  CONTROL.o [1]
  .text                ro code  0x00008d8c     0x24  FltCmpGe.o [4]
  .text                ro code  0x00008db0     0x24  FltToU32.o [4]
  .text                ro code  0x00008dd4     0x2e  DblCmpGe.o [4]
  .text                ro code  0x00008e04     0xe8  PID.o [1]
  .rodata              const    0x00008eec    0x5f0  LQOLED.o [1]
  .data_init                    0x000094dc    0x274  <Block>
    Initializer bytes  ro data  0x000094dc    0x274  <for .data-1>
  .text                ro code  0x00009750    0x218  HW_SPI.o [1]
  .text                ro code  0x00009968    0x1e2  HW_CAN.o [1]
  .rodata              const    0x00009b4c    0x1c0  LQOLED.o [1]
  .text                ro code  0x00009d0c    0x188  HW_MCG.o [1]
  .rodata              const    0x00009e94    0x168  ligen_car.o [1]
  .text                ro code  0x00009ffc    0x100  system_MK60.o [1]
  .text                ro code  0x0000a0fc     0xa0  relocate.o [1]
  .text                ro code  0x0000a19c     0xf4  HW_DAC.o [1]
  .text                ro code  0x0000a290     0xcc  HW_I2C.o [1]
  .text                ro code  0x0000a35c     0x80  HW_ENET.o [1]
  .text                ro code  0x0000a3dc     0x80  HW_PDB.o [1]
  .text                ro code  0x0000a45c     0x6c  HW_PIT.o [1]
  .text                ro code  0x0000a4c8     0x60  HW_RTC.o [1]
  .text                ro code  0x0000a528     0x40  HW_TSI.o [1]
  .text                ro code  0x0000a568     0x2c  HW_ADC.o [1]
  .text                ro code  0x0000a594     0x28  data_init.o [5]
  .rodata              const    0x0000a5bc     0x24  LQOLED.o [1]
  .iar.init_table      const    0x0000a5e0     0x10  - Linker created -
  .text                ro code  0x0000a5f0     0x20  HW_LPTMR.o [1]
  .text                ro code  0x0000a610     0x1a  cmain.o [5]
  .text                ro code  0x0000a62a      0x4  low_level_init.o [3]
  .text                ro code  0x0000a62e      0x4  exit.o [3]
  .text                ro code  0x0000a634      0xa  cexit.o [5]
  .text                ro code  0x0000a640     0x14  exit.o [6]
  .rodata              const    0x0000a654     0x10  LQOLED.o [1]
  .rodata              const    0x0000a664     0x10  LQOLED.o [1]
  .rodata              const    0x0000a674     0x10  LQOLED.o [1]
  .rodata              const    0x0000a684     0x10  LQOLED.o [1]
  .rodata              const    0x0000a694     0x10  sys.o [1]
  .text                ro code  0x0000a6a4     0x10  HW_SYSTICK.o [1]
  .text                ro code  0x0000a6b4     0x10  HW_USB.o [1]
  .rodata              const    0x0000a6c4      0xc  sys.o [1]
  .text                ro code  0x0000a6d0      0xc  cstartup_M.o [5]
  .rodata              const    0x0000a6dc      0x8  ligen_car.o [1]
  .rodata              const    0x0000a6e4      0x8  sys.o [1]
  .rodata              const    0x0000a6ec      0x8  sys.o [1]
  .rodata              const    0x0000a6f4      0x8  sys.o [1]
  .rodata              const    0x0000a6fc      0x8  sys.o [1]
                              - 0x0000a704   0xa2e0

"P2":                                       0x11bc0
  .data                         0x1fff0410    0x274  <Block>
    .data-1                     0x1fff0410    0x274  <Init block>
      .data            inited   0x1fff0410      0x4  CONTROL.o [1]
      .data            inited   0x1fff0414      0x4  CONTROL.o [1]
      .data            inited   0x1fff0418      0x4  CONTROL.o [1]
      .data            inited   0x1fff041c      0x4  CONTROL.o [1]
      .data            inited   0x1fff0420      0x4  CONTROL.o [1]
      .data            inited   0x1fff0424      0x4  CONTROL.o [1]
      .data            inited   0x1fff0428      0x4  CONTROL.o [1]
      .data            inited   0x1fff042c      0x4  CONTROL.o [1]
      .data            inited   0x1fff0430      0x4  CONTROL.o [1]
      .data            inited   0x1fff0434      0x4  CONTROL.o [1]
      .data            inited   0x1fff0438      0x4  CONTROL.o [1]
      .data            inited   0x1fff043c      0x4  CONTROL.o [1]
      .data            inited   0x1fff0440      0x4  CONTROL.o [1]
      .data            inited   0x1fff0444      0x4  CONTROL.o [1]
      .data            inited   0x1fff0448      0x1  CONTROL.o [1]
      .data            inited   0x1fff0449      0x1  CONTROL.o [1]
      .data            inited   0x1fff044a      0x1  CONTROL.o [1]
      .data            inited   0x1fff044b      0x1  CONTROL.o [1]
      .data            inited   0x1fff044c      0x1  CONTROL.o [1]
      .data            inited   0x1fff044d      0x1  CONTROL.o [1]
      .data            inited   0x1fff0450      0x4  CONTROL.o [1]
      .data            inited   0x1fff0454      0x4  HW_MCG.o [1]
      .data            inited   0x1fff0458      0x4  HW_MCG.o [1]
      .data            inited   0x1fff045c      0x4  HW_MCG.o [1]
      .data            inited   0x1fff0460      0x4  HW_MCG.o [1]
      .data            inited   0x1fff0464      0x1  IMAGE.o [1]
      .data            inited   0x1fff0468      0x4  IMAGE.o [1]
      .data            inited   0x1fff046c      0x4  IMAGE.o [1]
      .data            inited   0x1fff0470      0x4  IMAGE.o [1]
      .data            inited   0x1fff0474      0x4  IMAGE.o [1]
      .data            inited   0x1fff0478      0x4  IMAGE.o [1]
      .data            inited   0x1fff047c      0x4  IMAGE.o [1]
      .data            inited   0x1fff0480      0x4  IMAGE.o [1]
      .data            inited   0x1fff0484      0x4  IMAGE.o [1]
      .data            inited   0x1fff0488      0x4  IMAGE.o [1]
      .data            inited   0x1fff048c      0x4  IMAGE.o [1]
      .data            inited   0x1fff0490      0x4  ligen_car.o [1]
      .data            inited   0x1fff0494      0x4  ligen_car.o [1]
      .data            inited   0x1fff0498      0x4  ligen_car.o [1]
      .data            inited   0x1fff049c      0x4  ligen_car.o [1]
      .data            inited   0x1fff04a0      0x4  ligen_car.o [1]
      .data            inited   0x1fff04a4      0x4  ligen_car.o [1]
      .data            inited   0x1fff04a8     0x20  ligen_car.o [1]
      .data            inited   0x1fff04c8      0x4  ligen_car.o [1]
      .data            inited   0x1fff04cc      0x4  ligen_car.o [1]
      .data            inited   0x1fff04d0      0x4  ligen_car.o [1]
      .data            inited   0x1fff04d4      0x4  ligen_car.o [1]
      .data            inited   0x1fff04d8      0x4  ligen_car.o [1]
      .data            inited   0x1fff04dc      0x4  PID.o [1]
      .data            inited   0x1fff04e0      0x4  PID.o [1]
      .data            inited   0x1fff04e4      0x4  sys.o [1]
      .data            inited   0x1fff04e8      0x4  sys.o [1]
      .data            inited   0x1fff04ec    0x190  sys.o [1]
      .data            inited   0x1fff067c      0x4  sys.o [1]
      .data            inited   0x1fff0680      0x4  system_MK60.o [1]
  .bss                          0x1fff0688   0xf947  <Block>
    .bss               zero     0x1fff0688      0x8  IMAGE.o [1]
    .bss               zero     0x1fff0690      0x4  CONTROL.o [1]
    .bss               zero     0x1fff0694      0x4  CONTROL.o [1]
    .bss               zero     0x1fff0698      0x4  CONTROL.o [1]
    .bss               zero     0x1fff069c      0x4  CONTROL.o [1]
    .bss               zero     0x1fff06a0      0x4  CONTROL.o [1]
    .bss               zero     0x1fff06a4      0x4  CONTROL.o [1]
    .bss               zero     0x1fff06a8      0x4  CONTROL.o [1]
    .bss               zero     0x1fff06ac    0x190  CONTROL.o [1]
    .bss               zero     0x1fff083c      0x4  CONTROL.o [1]
    .bss               zero     0x1fff0840     0x10  HW_ADC.o [1]
    .bss               zero     0x1fff0850    0x100  HW_CAN.o [1]
    .bss               zero     0x1fff0950     0x40  HW_CAN.o [1]
    .bss               zero     0x1fff0990     0x40  HW_CAN.o [1]
    .bss               zero     0x1fff09d0      0x8  HW_DAC.o [1]
    .bss               zero     0x1fff09d8      0x8  HW_DAC.o [1]
    .bss               zero     0x1fff09e0      0x8  HW_DAC.o [1]
    .bss               zero     0x1fff09e8     0x80  HW_DMA.o [1]
    .bss               zero     0x1fff0a68     0x10  HW_ENET.o [1]
    .bss               zero     0x1fff0a78     0x10  HW_FTM.o [1]
    .bss               zero     0x1fff0a88     0x14  HW_GPIO.o [1]
    .bss               zero     0x1fff0a9c      0x8  HW_I2C.o [1]
    .bss               zero     0x1fff0aa4      0x4  HW_LPTMR.o [1]
    .bss               zero     0x1fff0aa8      0x4  HW_PDB.o [1]
    .bss               zero     0x1fff0aac      0x4  HW_PDB.o [1]
    .bss               zero     0x1fff0ab0     0x10  HW_PIT.o [1]
    .bss               zero     0x1fff0ac0      0xc  HW_RTC.o [1]
    .bss               zero     0x1fff0acc     0x18  HW_SPI.o [1]
    .bss               zero     0x1fff0ae4     0x18  HW_SPI.o [1]
    .bss               zero     0x1fff0afc     0x18  HW_SPI.o [1]
    .bss               zero     0x1fff0b14      0x4  HW_SYSTICK.o [1]
    .bss               zero     0x1fff0b18      0x8  HW_TSI.o [1]
    .bss               zero     0x1fff0b20     0x18  HW_UART.o [1]
    .bss               zero     0x1fff0b38     0x18  HW_UART.o [1]
    .bss               zero     0x1fff0b50      0x4  HW_USB.o [1]
    .bss               zero     0x1fff0b54    0x190  IMAGE.o [1]
    .bss               zero     0x1fff0ce4    0x190  IMAGE.o [1]
    .bss               zero     0x1fff0e74      0x4  IMAGE.o [1]
    .bss               zero     0x1fff0e78    0x190  IMAGE.o [1]
    .bss               zero     0x1fff1008    0x190  IMAGE.o [1]
    .bss               zero     0x1fff1198    0x190  IMAGE.o [1]
    .bss               zero     0x1fff1328      0x4  IMAGE.o [1]
    .bss               zero     0x1fff132c      0x4  IMAGE.o [1]
    .bss               zero     0x1fff1330      0x4  IMAGE.o [1]
    .bss               zero     0x1fff1334      0x4  IMAGE.o [1]
    .bss               zero     0x1fff1338      0x4  IMAGE.o [1]
    .bss               zero     0x1fff133c      0x4  IMAGE.o [1]
    .bss               zero     0x1fff1340      0x4  IMAGE.o [1]
    .bss               zero     0x1fff1344    0x190  IMAGE.o [1]
    .bss               zero     0x1fff14d4      0x4  IMAGE.o [1]
    .bss               zero     0x1fff14d8      0x4  IMAGE.o [1]
    .bss               zero     0x1fff14dc      0x4  IMAGE.o [1]
    .bss               zero     0x1fff14e0      0x4  IMAGE.o [1]
    .bss               zero     0x1fff14e4      0x4  IMAGE.o [1]
    .bss               zero     0x1fff14e8      0x4  IMAGE.o [1]
    .bss               zero     0x1fff14ec      0x4  IMAGE.o [1]
    .bss               zero     0x1fff14f0      0x4  IMAGE.o [1]
    .bss               zero     0x1fff14f4      0x4  IMAGE.o [1]
    .bss               zero     0x1fff14f8      0x4  IMAGE.o [1]
    .bss               zero     0x1fff14fc      0x4  IMAGE.o [1]
    .bss               zero     0x1fff1500      0x4  IMAGE.o [1]
    .bss               zero     0x1fff1504      0x4  IMAGE.o [1]
    .bss               zero     0x1fff1508      0x4  IMAGE.o [1]
    .bss               zero     0x1fff150c      0x4  IMAGE.o [1]
    .bss               zero     0x1fff1510      0x4  IMAGE.o [1]
    .bss               zero     0x1fff1514      0x4  IMAGE.o [1]
    .bss               zero     0x1fff1518      0x4  IMAGE.o [1]
    .bss               zero     0x1fff151c      0x4  IMAGE.o [1]
    .bss               zero     0x1fff1520      0x4  IMAGE.o [1]
    .bss               zero     0x1fff1524      0x4  IMAGE.o [1]
    .bss               zero     0x1fff1528      0x4  IMAGE.o [1]
    .bss               zero     0x1fff152c      0x4  IMAGE.o [1]
    .bss               zero     0x1fff1530      0x4  IMAGE.o [1]
    .bss               zero     0x1fff1534      0x4  IMAGE.o [1]
    .bss               zero     0x1fff1538      0x4  IMAGE.o [1]
    .bss               zero     0x1fff153c      0x4  IMAGE.o [1]
    .bss               zero     0x1fff1540      0x4  IMAGE.o [1]
    .bss               zero     0x1fff1544     0x64  IMAGE.o [1]
    .bss               zero     0x1fff15a8      0x4  IMAGE.o [1]
    .bss               zero     0x1fff15ac      0x4  IMAGE.o [1]
    .bss               zero     0x1fff15b0     0x64  IMAGE.o [1]
    .bss               zero     0x1fff1614     0x64  IMAGE.o [1]
    .bss               zero     0x1fff1678      0x4  IMAGE.o [1]
    .bss               zero     0x1fff167c      0x4  IMAGE.o [1]
    .bss               zero     0x1fff1680    0x168  IMAGE.o [1]
    .bss               zero     0x1fff17e8      0x4  IMAGE.o [1]
    .bss               zero     0x1fff17ec      0x4  IMAGE.o [1]
    .bss               zero     0x1fff17f0      0x4  IMAGE.o [1]
    .bss               zero     0x1fff17f4      0x4  IMAGE.o [1]
    .bss               zero     0x1fff17f8      0x4  IMAGE.o [1]
    .bss               zero     0x1fff17fc      0x4  IMAGE.o [1]
    .bss               zero     0x1fff1800      0x4  IMAGE.o [1]
    .bss               zero     0x1fff1804      0x4  IMAGE.o [1]
    .bss               zero     0x1fff1808      0x4  IMAGE.o [1]
    .bss               zero     0x1fff180c      0x4  IMAGE.o [1]
    .bss               zero     0x1fff1810      0x4  IMAGE.o [1]
    .bss               zero     0x1fff1814      0x4  IMAGE.o [1]
    .bss               zero     0x1fff1818     0x1c  ligen_car.o [1]
    .bss               zero     0x1fff1834      0x4  ligen_car.o [1]
    .bss               zero     0x1fff1838      0x4  ligen_car.o [1]
    .bss               zero     0x1fff183c      0x4  ligen_car.o [1]
    .bss               zero     0x1fff1840      0x4  ligen_car.o [1]
    .bss               zero     0x1fff1844      0x4  ligen_car.o [1]
    .bss               zero     0x1fff1848      0x4  ligen_car.o [1]
    .bss               zero     0x1fff184c      0x4  ligen_car.o [1]
    .bss               zero     0x1fff1850     0x14  ligen_car.o [1]
    .bss               zero     0x1fff1864      0x4  ligen_car.o [1]
    .bss               zero     0x1fff1868      0x4  ligen_car.o [1]
    .bss               zero     0x1fff186c      0x4  ligen_car.o [1]
    .bss               zero     0x1fff1870      0x4  ligen_car.o [1]
    .bss               zero     0x1fff1874      0x4  ligen_car.o [1]
    .bss               zero     0x1fff1878      0x4  ligen_car.o [1]
    .bss               zero     0x1fff187c      0x4  ligen_car.o [1]
    .bss               zero     0x1fff1880      0x4  ligen_car.o [1]
    .bss               zero     0x1fff1884      0x4  ligen_car.o [1]
    .bss               zero     0x1fff1888      0x4  PID.o [1]
    .bss               zero     0x1fff188c     0x10  PID.o [1]
    .bss               zero     0x1fff189c     0x14  sys.o [1]
    .bss               zero     0x1fff18b0     0x14  sys.o [1]
    .bss               zero     0x1fff18c4     0x14  sys.o [1]
    .bss               zero     0x1fff18d8     0x14  sys.o [1]
    .bss               zero     0x1fff18ec     0x14  sys.o [1]
    .bss               zero     0x1fff1900     0x2c  sys.o [1]
    .bss               zero     0x1fff192c     0x2c  sys.o [1]
    .bss               zero     0x1fff1958     0x2c  sys.o [1]
    .bss               zero     0x1fff1984      0x4  sys.o [1]
    .bss               zero     0x1fff1988      0x4  sys.o [1]
    .bss               zero     0x1fff198c      0x4  sys.o [1]
    .bss               zero     0x1fff1990      0x4  sys.o [1]
    .bss               zero     0x1fff1994      0xc  sys.o [1]
    .bss               zero     0x1fff19a0     0x10  sys.o [1]
    .bss               zero     0x1fff19b0      0x8  sys.o [1]
    .bss               zero     0x1fff19b8      0x4  sys.o [1]
    .bss               zero     0x1fff19bc      0xc  sys.o [1]
    .bss               zero     0x1fff19c8      0xc  sys.o [1]
    .bss               zero     0x1fff19d4      0xc  sys.o [1]
    .bss               zero     0x1fff19e0      0xc  sys.o [1]
    .bss               zero     0x1fff19ec   0x9f60  sys.o [1]
    .bss               zero     0x1fffb94c   0x2328  sys.o [1]
    .bss               zero     0x1fffdc74   0x2328  sys.o [1]
    .bss               zero     0x1fffff9c      0x4  sys.o [1]
    .bss               zero     0x1fffffa0     0x14  sys.o [1]
    .bss               zero     0x1fffffb4      0x4  sys.o [1]
    .bss               zero     0x1fffffb8      0x4  sys.o [1]
    .bss               zero     0x1fffffbc      0x4  sys.o [1]
    .bss               zero     0x1fffffc0      0x2  PID.o [1]
    .bss               zero     0x1fffffc2      0x1  IMAGE.o [1]
    .bss               zero     0x1fffffc3      0x1  IMAGE.o [1]
    .bss               zero     0x1fffffc4      0x1  IMAGE.o [1]
    .bss               zero     0x1fffffc5      0x1  IMAGE.o [1]
    .bss               zero     0x1fffffc6      0x1  IMAGE.o [1]
    .bss               zero     0x1fffffc7      0x1  IMAGE.o [1]
    .bss               zero     0x1fffffc8      0x1  IMAGE.o [1]
    .bss               zero     0x1fffffc9      0x1  sys.o [1]
    .bss               zero     0x1fffffca      0x1  sys.o [1]
    .bss               zero     0x1fffffcb      0x1  sys.o [1]
    .bss               zero     0x1fffffcc      0x1  sys.o [1]
    .bss               zero     0x1fffffcd      0x1  sys.o [1]
    .bss               zero     0x1fffffce      0x1  sys.o [1]
  CodeRelocateRam               0x1fffffcf      0x0  <Block>
  CSTACK                        0x1fffffd0   0x2000  <Block>
    CSTACK             uninit   0x1fffffd0   0x2000  <Block tail>
                              - 0x20001fd0  0x11bc0


*******************************************************************************
*** INIT TABLE
***

          Address     Size
          -------     ----
Zero (__iar_zero_init3)
    1 destination range, total size 0xf947:
          0x1fff0688  0xf947



*******************************************************************************
*** MODULE SUMMARY
***

    Module                 ro code  ro data  rw data
    ------                 -------  -------  -------
C:\Users\Administrator\Desktop\lpld\LPLD_OSKinetis_V3.1\project\ligen_car通用7-28-3.23封\iar\FLASH\Obj: [1]
    CONTROL.o                1 568       68      498
    HW_ADC.o                    44                16
    HW_CAN.o                   482               384
    HW_DAC.o                   244                24
    HW_DMA.o                 1 808               128
    HW_ENET.o                  128                16
    HW_FTM.o                 2 860                16
    HW_GPIO.o                  356                20
    HW_I2C.o                   204                 8
    HW_LPTMR.o                  32                 4
    HW_MCG.o                   392       16       16
    HW_PDB.o                   128                 8
    HW_PIT.o                   108                16
    HW_RTC.o                    96                12
    HW_SPI.o                   536                72
    HW_SYSTICK.o                16                 4
    HW_TSI.o                    64                 8
    HW_UART.o                2 040                48
    HW_USB.o                    16                 4
    IMAGE.o                 10 168       44    3 324
    LQOLED.o                 1 400    2 068
    PID.o                      232        8       30
    ligen_car.o              4 988      444      188
    printf.o                 1 254
    relocate.o                 160
    startup_K60F12.o         1 044
    stdlib.o                    94
    sys.o                    5 444      472   59 590
    system_MK60.o              256        4        4
    ------------------------------------------------
    Total:                  36 162    3 124   64 438

command line: [2]
    ------------------------------------------------
    Total:

dl7M_tln.a: [3]
    exit.o                       4
    low_level_init.o             4
    ------------------------------------------------
    Total:                       8

m7M_tl.a: [4]
    DblAdd.o                   232
    DblCmpGe.o                  46
    DblCmpLe.o                  46
    DblDiv.o                   582
    DblMul.o                   418
    DblSub.o                   364
    DblToFlt.o                 144
    DblToI32.o                  76
    FltAdd.o                   132
    FltCmpEq.o                  28
    FltCmpGe.o                  36
    FltCmpLe.o                  36
    FltDiv.o                   252
    FltMul.o                   216
    FltSub.o                   230
    FltToDbl.o                  78
    FltToS32.o                  68
    FltToU32.o                  36
    I32ToDbl.o                  48
    I32ToFlt.o                  50
    ------------------------------------------------
    Total:                   3 118

rt7M_tl.a: [5]
    ABImemclr4.o                 6
    ABImemcpy_unaligned.o       86
    ABImemset48.o               50
    cexit.o                     10
    cmain.o                     26
    cstartup_M.o                12
    data_init.o                 40
    zero_init3.o                34
    ------------------------------------------------
    Total:                     264

shb_l.a: [6]
    exit.o                      20
    ------------------------------------------------
    Total:                      20

    Gaps                        26        2        5
    Linker created                       16    8 192
----------------------------------------------------
    Grand Total:            39 598    3 142   72 635


*******************************************************************************
*** ENTRY LIST
***

Entry                      Address    Size  Type      Object
-----                      -------    ----  ----      ------
.bss$$Base              0x1fff0688           --   Gb  - Linker created -
.bss$$Limit             0x1fffffcf           --   Gb  - Linker created -
.data$$Base             0x1fff0410           --   Gb  - Linker created -
.data$$Limit            0x1fff0684           --   Gb  - Linker created -
.data_init$$Base        0x000094dc           --   Gb  - Linker created -
.data_init$$Limit       0x00009750           --   Gb  - Linker created -
?main                   0x0000a611          Code  Gb  cmain.o [5]
ADC0_IRQHandler         0x0000a569     0xa  Code  Gb  HW_ADC.o [1]
ADC1_IRQHandler         0x0000a573     0xa  Code  Gb  HW_ADC.o [1]
ADC2_IRQHandler         0x0000a57d     0xa  Code  Gb  HW_ADC.o [1]
ADC3_IRQHandler         0x0000a587     0xa  Code  Gb  HW_ADC.o [1]
ADC_ISR                 0x1fff0840    0x10  Data  Gb  HW_ADC.o [1]
BendEnd                 0x1fff044b     0x1  Data  Gb  CONTROL.o [1]
BendFS                  0x1fff0440     0x4  Data  Gb  CONTROL.o [1]
BendK                   0x1fff0428     0x4  Data  Gb  CONTROL.o [1]
BigFS                   0x1fff043c     0x4  Data  Gb  CONTROL.o [1]
BigSEnd                 0x1fff044a     0x1  Data  Gb  CONTROL.o [1]
BigSK                   0x1fff0424     0x4  Data  Gb  CONTROL.o [1]
BlackEndA               0x1fff14d8     0x4  Data  Gb  IMAGE.o [1]
BlackEndB               0x1fff14dc     0x4  Data  Gb  IMAGE.o [1]
BlackEndC               0x1fff14e0     0x4  Data  Gb  IMAGE.o [1]
BlackEndColumnMax       0x1fff0480     0x4  Data  Gb  IMAGE.o [1]
BlackEndD               0x1fff14e4     0x4  Data  Gb  IMAGE.o [1]
BlackEndE               0x1fff14e8     0x4  Data  Gb  IMAGE.o [1]
BlackEndF               0x1fff14ec     0x4  Data  Gb  IMAGE.o [1]
BlackEndG               0x1fff14f0     0x4  Data  Gb  IMAGE.o [1]
BlackEndL               0x1fff1328     0x4  Data  Gb  IMAGE.o [1]
BlackEndLMR             0x1fff1338     0x4  Data  Gb  IMAGE.o [1]
BlackEndM               0x1fff132c     0x4  Data  Gb  IMAGE.o [1]
BlackEndMax             0x1fff1334     0x4  Data  Gb  IMAGE.o [1]
BlackEndR               0x1fff1330     0x4  Data  Gb  IMAGE.o [1]
BlackLineData           0x1fff1198   0x190  Data  Gb  IMAGE.o [1]
BlackRow                0x1fffffc6     0x1  Data  Gb  IMAGE.o [1]
Boma_init_gpio          0x000036c5    0xb2  Code  Gb  sys.o [1]
CAN0_BUS_OFF_IRQHandler
                        0x00009ac3     0x8  Code  Gb  HW_CAN.o [1]
CAN0_ERR_IRQHandler     0x00009acb     0xe  Code  Gb  HW_CAN.o [1]
CAN0_IMEU_IRQHandler    0x00009aef     0x2  Code  Gb  HW_CAN.o [1]
CAN0_ISR                0x1fff0950    0x40  Data  Gb  HW_CAN.o [1]
CAN0_LR_IRQHandler      0x00009af1     0x2  Code  Gb  HW_CAN.o [1]
CAN0_MESS_IRQHandler    0x00009abb     0x8  Code  Gb  HW_CAN.o [1]
CAN0_RW_IRQHandler      0x00009ae3     0xa  Code  Gb  HW_CAN.o [1]
CAN0_TW_IRQHandler      0x00009ad9     0xa  Code  Gb  HW_CAN.o [1]
CAN0_WAKE_UP_IRQHandler
                        0x00009aed     0x2  Code  Gb  HW_CAN.o [1]
CAN1_BUS_OFF_IRQHandler
                        0x00009afb     0x8  Code  Gb  HW_CAN.o [1]
CAN1_ERR_IRQHandler     0x00009b03     0xe  Code  Gb  HW_CAN.o [1]
CAN1_IMEU_IRQHandler    0x00009b47     0x2  Code  Gb  HW_CAN.o [1]
CAN1_ISR                0x1fff0990    0x40  Data  Gb  HW_CAN.o [1]
CAN1_LR_IRQHandler      0x00009b49     0x2  Code  Gb  HW_CAN.o [1]
CAN1_MESS_IRQHandler    0x00009af3     0x8  Code  Gb  HW_CAN.o [1]
CAN1_RW_IRQHandler      0x00009b1b     0xa  Code  Gb  HW_CAN.o [1]
CAN1_TW_IRQHandler      0x00009b11     0xa  Code  Gb  HW_CAN.o [1]
CAN1_WAKE_UP_IRQHandler
                        0x00009b45     0x2  Code  Gb  HW_CAN.o [1]
CSTACK$$Base            0x1fffffd0           --   Gb  - Linker created -
CSTACK$$Limit           0x20001fd0           --   Gb  - Linker created -
Camera_dma_init         0x00003b13    0x74  Code  Gb  sys.o [1]
Camera_gpio_init        0x00003b87   0x132  Code  Gb  sys.o [1]
CodeRelocate$$Base      0x00000400           --   Gb  - Linker created -
CodeRelocate$$Limit     0x00000400           --   Gb  - Linker created -
CodeRelocateRam$$Base   0x1fffffcf           --   Gb  - Linker created -
CodeRelocateRam$$Limit  0x1fffffcf           --   Gb  - Linker created -
CommonEnd               0x1fff044c     0x1  Data  Gb  CONTROL.o [1]
CommonK                 0x1fff042c     0x4  Data  Gb  CONTROL.o [1]
DAC0_IRQHandler         0x0000a19d    0x6a  Code  Gb  HW_DAC.o [1]
DAC1_IRQHandler         0x0000a207    0x6a  Code  Gb  HW_DAC.o [1]
DAC_RDPTBOT_ISR         0x1fff09d0     0x8  Data  Gb  HW_DAC.o [1]
DAC_RDPTTOP_ISR         0x1fff09d8     0x8  Data  Gb  HW_DAC.o [1]
DAC_WATERMK_ISR         0x1fff09e0     0x8  Data  Gb  HW_DAC.o [1]
DMA0_IRQHandler         0x00005091    0x4a  Code  Gb  HW_DMA.o [1]
DMA10_IRQHandler        0x00005313    0x3a  Code  Gb  HW_DMA.o [1]
DMA11_IRQHandler        0x0000534d    0x3a  Code  Gb  HW_DMA.o [1]
DMA12_IRQHandler        0x00005387    0x3a  Code  Gb  HW_DMA.o [1]
DMA13_IRQHandler        0x000053c1    0x3a  Code  Gb  HW_DMA.o [1]
DMA14_IRQHandler        0x000053fb    0x3a  Code  Gb  HW_DMA.o [1]
DMA15_IRQHandler        0x00005435    0x3a  Code  Gb  HW_DMA.o [1]
DMA1_IRQHandler         0x000050db    0x4a  Code  Gb  HW_DMA.o [1]
DMA2_IRQHandler         0x00005125    0x4a  Code  Gb  HW_DMA.o [1]
DMA3_IRQHandler         0x0000516f    0x48  Code  Gb  HW_DMA.o [1]
DMA4_IRQHandler         0x000051b7    0x3a  Code  Gb  HW_DMA.o [1]
DMA5_IRQHandler         0x000051f1    0x3a  Code  Gb  HW_DMA.o [1]
DMA6_IRQHandler         0x0000522b    0x3a  Code  Gb  HW_DMA.o [1]
DMA7_IRQHandler         0x00005265    0x3a  Code  Gb  HW_DMA.o [1]
DMA8_IRQHandler         0x0000529f    0x3a  Code  Gb  HW_DMA.o [1]
DMA9_IRQHandler         0x000052d9    0x3a  Code  Gb  HW_DMA.o [1]
DMA_ISR                 0x1fff09e8    0x80  Data  Gb  HW_DMA.o [1]
DefaultISR              0x0000a0fb     0x2  Code  Gb  system_MK60.o [1]
DirectLeft              0x1fff04dc     0x4  Data  Gb  PID.o [1]
DirectRight             0x1fff04e0     0x4  Data  Gb  PID.o [1]
DirectionCtrol          0x0000882b   0x48c  Code  Gb  CONTROL.o [1]
ENET_ISR                0x1fff0a68    0x10  Data  Gb  HW_ENET.o [1]
EPerCount               0x1fff1814     0x4  Data  Gb  IMAGE.o [1]
EndType                 0x1fff17f0     0x4  Data  Gb  IMAGE.o [1]
Error                   0x1fff0690     0x4  Data  Gb  CONTROL.o [1]
Errora                  0x1fff0694     0x4  Data  Gb  CONTROL.o [1]
Eth_Err_Misc_IRQHandler
                        0x0000a3bf    0x16  Code  Gb  HW_ENET.o [1]
Eth_IEEE1588_IRQHandler
                        0x0000a3a9    0x16  Code  Gb  HW_ENET.o [1]
Eth_RX_IRQHandler       0x0000a35d    0x26  Code  Gb  HW_ENET.o [1]
Eth_TX_IRQHandler       0x0000a383    0x26  Code  Gb  HW_ENET.o [1]
Excursion               0x1fff1534     0x4  Data  Gb  IMAGE.o [1]
F14x16                  0x00009b4c   0x1c0  Data  Gb  LQOLED.o [1]
F14x16_Idx              0x0000a5bc    0x24  Data  Gb  LQOLED.o [1]
F8X16                   0x00008eec   0x5f0  Data  Gb  LQOLED.o [1]
FTM0_IRQHandler         0x00007c65     0xa  Code  Gb  HW_FTM.o [1]
FTM1_IRQHandler         0x00007c6f     0xa  Code  Gb  HW_FTM.o [1]
FTM2_IRQHandler         0x00007c7d     0xa  Code  Gb  HW_FTM.o [1]
FTM3_IRQHandler         0x00007c87     0xa  Code  Gb  HW_FTM.o [1]
FTM_ISR                 0x1fff0a78    0x10  Data  Gb  HW_FTM.o [1]
FindHeixian             0x00000cdd   0x188  Code  Gb  IMAGE.o [1]
FindMidLine_lastismidline
                        0x00000a65   0x25e  Code  Gb  IMAGE.o [1]
FindMidLine_lastisnotmidline
                        0x00000cd5     0x8  Code  Gb  IMAGE.o [1]
Find_Endline            0x00000921    0x5c  Code  Gb  IMAGE.o [1]
FloatSave               0x1fff1994     0xc  Data  Gb  sys.o [1]
FloatToChar             0x0000495d   0x136  Code  Gb  sys.o [1]
Foresight               0x1fff0414     0x4  Data  Gb  CONTROL.o [1]
GPIO_ISR                0x1fff0a88    0x14  Data  Gb  HW_GPIO.o [1]
GetBlackEndParam2       0x000005db   0x346  Code  Gb  IMAGE.o [1]
GetBoma                 0x00006f65   0x134  Code  Gb  ligen_car.o [1]
GetEPerCount            0x0000268d   0x25a  Code  Gb  IMAGE.o [1]
GetFreq                 0x1fffffb4     0x4  Data  Gb  sys.o [1]
GetImageParam           0x000005d3     0x8  Code  Gb  IMAGE.o [1]
GetLMR                  0x00000ee9  0x17a4  Code  Gb  IMAGE.o [1]
GetMidLineVariance      0x00002971   0x116  Code  Gb  IMAGE.o [1]
GetSectionParam         0x00002a99    0xf8  Code  Gb  IMAGE.o [1]
GetSteerError2          0x0000876d    0xbe  Code  Gb  CONTROL.o [1]
Get_StableNumbers_recent
                        0x0000709d    0x58  Code  Gb  ligen_car.o [1]
HardFault_Handler       0x0000a0f9     0x2  Code  Gb  system_MK60.o [1]
I2C0_IRQHandler         0x0000a291    0x5a  Code  Gb  HW_I2C.o [1]
I2C1_IRQHandler         0x0000a2eb    0x5a  Code  Gb  HW_I2C.o [1]
I2C_ISR                 0x1fff0a9c     0x8  Data  Gb  HW_I2C.o [1]
ImageData               0x1fffb94c  0x2328  Data  Gb  sys.o [1]
ImageProcess            0x00000425   0x1ae  Code  Gb  IMAGE.o [1]
Is_DispPhoto            0x1fffff9c     0x4  Data  Gb  sys.o [1]
LED_init_gpio           0x00003e0b    0xc2  Code  Gb  sys.o [1]
LG_Print_Num            0x00006eb1    0x60  Code  Gb  ligen_car.o [1]
LPLD_CAN_Interrupt_ClearPending
                        0x00009969    0x24  Code  Lc  HW_CAN.o [1]
LPLD_CAN_Interrupt_GetFlag
                        0x0000998d    0x1e  Code  Lc  HW_CAN.o [1]
LPLD_CAN_MB_ISR         0x00009a61    0x5a  Code  Lc  HW_CAN.o [1]
LPLD_CAN_Receive_Interrupt
                        0x00009a05    0x5c  Code  Lc  HW_CAN.o [1]
LPLD_CAN_Transmit_Interrupt
                        0x000099ab    0x5a  Code  Gb  HW_CAN.o [1]
LPLD_DMA_Init           0x00004d7d   0x314  Code  Gb  HW_DMA.o [1]
LPLD_FTM_DEC_Init       0x00007c5d     0x8  Code  Lc  HW_FTM.o [1]
LPLD_FTM_IC_Init        0x0000748d    0x8a  Code  Lc  HW_FTM.o [1]
LPLD_FTM_Init           0x000071e1   0x124  Code  Gb  HW_FTM.o [1]
LPLD_FTM_PWM_ChangeDuty
                        0x0000735d    0x34  Code  Gb  HW_FTM.o [1]
LPLD_FTM_PWM_Enable     0x00007305    0x58  Code  Gb  HW_FTM.o [1]
LPLD_FTM_PWM_Init       0x00007391    0xfc  Code  Lc  HW_FTM.o [1]
LPLD_FTM_PinInit        0x00007521   0x6b6  Code  Lc  HW_FTM.o [1]
LPLD_FTM_QD_Init        0x00007c21    0x3c  Code  Lc  HW_FTM.o [1]
LPLD_GPIO_Init          0x00004c19    0xa6  Code  Gb  HW_GPIO.o [1]
LPLD_GPIO_Output_b      0x00004cbf    0x18  Code  Gb  HW_GPIO.o [1]
LPLD_GPIO_Toggle_b      0x00004cd7     0xa  Code  Gb  HW_GPIO.o [1]
LPLD_PLL_Setup          0x00009d0d   0x188  Code  Gb  HW_MCG.o [1]
LPLD_UART_EnableIrq     0x00005a4f    0x98  Code  Gb  HW_UART.o [1]
LPLD_UART_GetChar       0x00005a17     0xe  Code  Gb  HW_UART.o [1]
LPLD_UART_Init          0x00005607   0x410  Code  Gb  HW_UART.o [1]
LPLD_UART_PutChar       0x00005a25     0xa  Code  Gb  HW_UART.o [1]
LPLD_UART_PutCharArr    0x00005a2f    0x20  Code  Gb  HW_UART.o [1]
LPTMR_ISR               0x1fff0aa4     0x4  Data  Gb  HW_LPTMR.o [1]
LPT_IRQHandler          0x0000a5f1    0x16  Code  Gb  HW_LPTMR.o [1]
LastError               0x1fff0698     0x4  Data  Gb  CONTROL.o [1]
LastRoadType            0x1fffffc2     0x1  Data  Gb  IMAGE.o [1]
LeftBlack               0x1fff0e78   0x190  Data  Gb  IMAGE.o [1]
LeftStableNumbers       0x1fff14f8     0x4  Data  Gb  IMAGE.o [1]
LeftWhite               0x1fffffc5     0x1  Data  Gb  IMAGE.o [1]
LineType                0x1fff1544    0x64  Data  Gb  IMAGE.o [1]
LineWeight              0x1fff06ac   0x190  Data  Gb  CONTROL.o [1]
MidLineExcursion        0x1fff15ac     0x4  Data  Gb  IMAGE.o [1]
MidLineProcess          0x0000097d    0x1c  Code  Gb  IMAGE.o [1]
MidLineVariance         0x1fff0688     0x8  Data  Gb  IMAGE.o [1]
MidPos                  0x1fff0450     0x4  Data  Gb  CONTROL.o [1]
MidPos_h                0x1fff0410     0x4  Data  Gb  CONTROL.o [1]
MotorUpdatePWM          0x00006391   0x164  Code  Gb  ligen_car.o [1]
NUM_B                   0x1fff19bc     0xc  Data  Gb  sys.o [1]
NUM_C                   0x1fff19c8     0xc  Data  Gb  sys.o [1]
NUM_D                   0x1fff19d4     0xc  Data  Gb  sys.o [1]
NUM_E                   0x1fff19e0     0xc  Data  Gb  sys.o [1]
NUM_GET                 0x0000403d   0x1d4  Code  Gb  sys.o [1]
NUM_Send                0x000042f9   0x65a  Code  Gb  sys.o [1]
NVIC_DisableIRQ         0x00003693    0x16  Code  Lc  sys.o [1]
NVIC_EnableIRQ          0x000055f1    0x16  Code  Lc  HW_UART.o [1]
NVIC_EnableIRQ          0x00005e65    0x16  Code  Lc  ligen_car.o [1]
NVIC_EnableIRQ          0x0000367d    0x16  Code  Lc  sys.o [1]
NoValidMax              0x1fff17e8     0x4  Data  Gb  IMAGE.o [1]
OLED_DLY_ms             0x000082f3    0x1a  Code  Gb  LQOLED.o [1]
OLED_Fill               0x000082b7    0x3c  Code  Gb  LQOLED.o [1]
OLED_HEXACSII           0x00008657    0x32  Code  Gb  LQOLED.o [1]
OLED_Init               0x0000830d   0x15c  Code  Gb  LQOLED.o [1]
OLED_P14x16Str          0x0000850f   0x148  Code  Gb  LQOLED.o [1]
OLED_P8x16Str           0x00008469    0xa6  Code  Gb  LQOLED.o [1]
OLED_Print_Num          0x00008689    0x42  Code  Gb  LQOLED.o [1]
OLED_Print_Str          0x000086cb    0x6a  Code  Gb  LQOLED.o [1]
OLED_Set_Pos            0x0000828b    0x2c  Code  Gb  LQOLED.o [1]
OLED_WrCmd              0x00008241    0x4a  Code  Gb  LQOLED.o [1]
OLED_WrDat              0x000081f5    0x4a  Code  Gb  LQOLED.o [1]
OS_CPU_SysTickHandler   0x0000a6a5     0xa  Code  Gb  HW_SYSTICK.o [1]
PDB_IRQHandler          0x0000a3dd    0x6a  Code  Gb  HW_PDB.o [1]
PDB_ISR                 0x1fff0aa8     0x4  Data  Gb  HW_PDB.o [1]
PDB_SE_ISR              0x1fff0aac     0x4  Data  Gb  HW_PDB.o [1]
PIT0_IRQHandler         0x0000a45d    0x16  Code  Gb  HW_PIT.o [1]
PIT1_IRQHandler         0x0000a473    0x16  Code  Gb  HW_PIT.o [1]
PIT2_IRQHandler         0x0000a489    0x16  Code  Gb  HW_PIT.o [1]
PIT3_IRQHandler         0x0000a49f    0x16  Code  Gb  HW_PIT.o [1]
PIT_ISR                 0x1fff0ab0    0x10  Data  Gb  HW_PIT.o [1]
PORTA_IRQHandler        0x00004ce1    0x12  Code  Gb  HW_GPIO.o [1]
PORTB_IRQHandler        0x00004cf3    0x12  Code  Gb  HW_GPIO.o [1]
PORTC_IRQHandler        0x00004d05    0x12  Code  Gb  HW_GPIO.o [1]
PORTD_IRQHandler        0x00004d17    0x12  Code  Gb  HW_GPIO.o [1]
PORTE_IRQHandler        0x00004d29    0x12  Code  Gb  HW_GPIO.o [1]
Pix_Data                0x1fff19ec  0x9f60  Data  Gb  sys.o [1]
RTC_IRQHandler          0x0000a4c9    0x56  Code  Gb  HW_RTC.o [1]
RTC_ISR                 0x1fff0ac0     0xc  Data  Gb  HW_RTC.o [1]
RTRecognition           0x00000999    0xcc  Code  Gb  IMAGE.o [1]
RX                      0x1fff19a0    0x10  Data  Gb  sys.o [1]
RX_FLAG                 0x1fffffca     0x1  Data  Gb  sys.o [1]
ReceFloat               0x00003f8d    0x9e  Code  Gb  sys.o [1]
Region$$Table$$Base     0x0000a5e0           --   Gb  - Linker created -
Region$$Table$$Limit    0x0000a5f0           --   Gb  - Linker created -
RightBlack              0x1fff1008   0x190  Data  Gb  IMAGE.o [1]
RightStableNumbers      0x1fff14fc     0x4  Data  Gb  IMAGE.o [1]
RightWhite              0x1fffffc4     0x1  Data  Gb  IMAGE.o [1]
RoadMode                0x1fff1344   0x190  Data  Gb  IMAGE.o [1]
RoadType                0x1fff0464     0x1  Data  Gb  IMAGE.o [1]
SPI0_IRQHandler         0x00009751    0xaa  Code  Gb  HW_SPI.o [1]
SPI0_ISR                0x1fff0acc    0x18  Data  Gb  HW_SPI.o [1]
SPI1_IRQHandler         0x000097fb    0xaa  Code  Gb  HW_SPI.o [1]
SPI1_ISR                0x1fff0ae4    0x18  Data  Gb  HW_SPI.o [1]
SPI2_IRQHandler         0x000098a5    0xaa  Code  Gb  HW_SPI.o [1]
SPI2_ISR                0x1fff0afc    0x18  Data  Gb  HW_SPI.o [1]
SYSTICK_ISR             0x1fff0b14     0x4  Data  Gb  HW_SYSTICK.o [1]
SendPicture2            0x00006097    0x60  Code  Gb  ligen_car.o [1]
SendPicture3            0x000060f7   0x128  Code  Gb  ligen_car.o [1]
Setk                    0x1fff04d4     0x4  Data  Gb  ligen_car.o [1]
Showdirect              0x1fff1888     0x4  Data  Gb  PID.o [1]
SmallSEnd               0x1fff0449     0x1  Data  Gb  CONTROL.o [1]
SmallSFS                0x1fff0438     0x4  Data  Gb  CONTROL.o [1]
SmallSK                 0x1fff0420     0x4  Data  Gb  CONTROL.o [1]
StableNumbers           0x1fff14f4     0x4  Data  Gb  IMAGE.o [1]
StableNumbers_Big_count
                        0x1fff1840     0x4  Data  Gb  ligen_car.o [1]
StableNumbers_recent    0x1fff1850    0x14  Data  Gb  ligen_car.o [1]
StableNumbers_recent_count
                        0x1fff04d8     0x4  Data  Gb  ligen_car.o [1]
StaticThreshold         0x1fff047c     0x4  Data  Gb  IMAGE.o [1]
SteerPID                0x1fff188c    0x10  Data  Gb  PID.o [1]
SteerPidCal             0x00008e05    0xc8  Code  Gb  PID.o [1]
SteerUpdatePWM          0x00006535   0x7ca  Code  Gb  ligen_car.o [1]
StoreFlag               0x1fff15a8     0x4  Data  Gb  IMAGE.o [1]
StraightEnd             0x1fff0448     0x1  Data  Gb  CONTROL.o [1]
StraightFS              0x1fff0434     0x4  Data  Gb  CONTROL.o [1]
StraightK               0x1fff041c     0x4  Data  Gb  CONTROL.o [1]
StraightToBenEnd        0x1fff044d     0x1  Data  Gb  CONTROL.o [1]
StraightToBendFS        0x1fff0444     0x4  Data  Gb  CONTROL.o [1]
StraightToBendK         0x1fff0430     0x4  Data  Gb  CONTROL.o [1]
SubBasePoint            0x1fff151c     0x4  Data  Gb  IMAGE.o [1]
SubBasePointLen         0x1fff1520     0x4  Data  Gb  IMAGE.o [1]
SubValue                0x1fff1614    0x64  Data  Gb  IMAGE.o [1]
SystemCoreClock         0x1fff0680     0x4  Data  Gb  system_MK60.o [1]
SystemCoreClockUpdate   0x0000a09d    0x28  Code  Gb  system_MK60.o [1]
SystemInit              0x00009ffd    0xa0  Code  Gb  system_MK60.o [1]
TSI_IRQHandler          0x0000a529    0x36  Code  Gb  HW_TSI.o [1]
TSI_ISR                 0x1fff0b18     0x8  Data  Gb  HW_TSI.o [1]
ThresholdData           0x1fffdc74  0x2328  Data  Gb  sys.o [1]
ThresholdValue          0x1fff0474     0x4  Data  Gb  IMAGE.o [1]
TopE1                   0x1fff150c     0x4  Data  Gb  IMAGE.o [1]
TopE2                   0x1fff1510     0x4  Data  Gb  IMAGE.o [1]
TopLen1                 0x1fff1514     0x4  Data  Gb  IMAGE.o [1]
TopLen2                 0x1fff1518     0x4  Data  Gb  IMAGE.o [1]
TripPointPos            0x1fff15b0    0x64  Data  Gb  IMAGE.o [1]
UART0_ERR_IRQHandler    0x00005ddd     0x2  Code  Gb  HW_UART.o [1]
UART0_IRQHandler        0x00005ae7    0x58  Code  Gb  HW_UART.o [1]
UART1_ERR_IRQHandler    0x00005ddf     0x2  Code  Gb  HW_UART.o [1]
UART1_IRQHandler        0x00005b3f    0x58  Code  Gb  HW_UART.o [1]
UART2_ERR_IRQHandler    0x00005de1     0x2  Code  Gb  HW_UART.o [1]
UART2_IRQHandler        0x00005b97    0x58  Code  Gb  HW_UART.o [1]
UART3_ERR_IRQHandler    0x00005de3     0x2  Code  Gb  HW_UART.o [1]
UART3_IRQHandler        0x00005bef    0x58  Code  Gb  HW_UART.o [1]
UART4_ERR_IRQHandler    0x00005de5     0x2  Code  Gb  HW_UART.o [1]
UART4_IRQHandler        0x00005c47    0x58  Code  Gb  HW_UART.o [1]
UART5_ERR_IRQHandler    0x00005de7     0x2  Code  Gb  HW_UART.o [1]
UART5_IRQHandler        0x00005c9f    0x58  Code  Gb  HW_UART.o [1]
UART_R_ISR              0x1fff0b20    0x18  Data  Gb  HW_UART.o [1]
UART_T_ISR              0x1fff0b38    0x18  Data  Gb  HW_UART.o [1]
USB_ISR                 0x1fff0b50     0x4  Data  Gb  HW_USB.o [1]
USB_OTG_IRQHandler      0x0000a6b5     0xa  Code  Gb  HW_USB.o [1]
UseStaticFlag           0x1fff0478     0x4  Data  Gb  IMAGE.o [1]
V_Cnt                   0x1fff04e4     0x4  Data  Gb  sys.o [1]
V_count                 0x1fffffbc     0x4  Data  Gb  sys.o [1]
ValidExcursionCount     0x1fff1538     0x4  Data  Gb  IMAGE.o [1]
ValidLineCount          0x1fff1500     0x4  Data  Gb  IMAGE.o [1]
ValidLineCount1         0x1fff1504     0x4  Data  Gb  IMAGE.o [1]
ValidLineCount2         0x1fff1508     0x4  Data  Gb  IMAGE.o [1]
WhiteRow                0x1fffffc7     0x1  Data  Gb  IMAGE.o [1]
WhiteRow1               0x1fffffc8     0x1  Data  Gb  IMAGE.o [1]
__BOOT_STACK_ADDRESS {Abs}
                        0x2000ffe8           --   Gb  command line/config [2]
__VECTOR_RAM {Abs}      0x1fff0000           --   Gb  command line/config [2]
__VECTOR_TABLE {Abs}    0x00000000           --   Gb  command line/config [2]
__Vectors               0x00000000           --   Gb  startup_K60F12.o [1]
__Vectors_End           0x00000400          Data  Gb  startup_K60F12.o [1]
__Vectors_Size {Abs}    0x00000400           --   Gb  startup_K60F12.o [1]
__aeabi_cdcmple         0x00002bdd          Code  Gb  DblCmpLe.o [4]
__aeabi_cdrcmple        0x00008dd5          Code  Gb  DblCmpGe.o [4]
__aeabi_cfcmpeq         0x00005e49          Code  Gb  FltCmpEq.o [4]
__aeabi_cfcmple         0x000054d1          Code  Gb  FltCmpLe.o [4]
__aeabi_cfrcmple        0x00008d8d          Code  Gb  FltCmpGe.o [4]
__aeabi_d2f             0x000031b9          Code  Gb  DblToFlt.o [4]
__aeabi_d2iz            0x00002e09          Code  Gb  DblToI32.o [4]
__aeabi_dadd            0x0000309d          Code  Gb  DblAdd.o [4]
__aeabi_ddiv            0x00002e55          Code  Gb  DblDiv.o [4]
__aeabi_dmul            0x00002c65          Code  Gb  DblMul.o [4]
__aeabi_f2d             0x00003409          Code  Gb  FltToDbl.o [4]
__aeabi_f2iz            0x0000548d          Code  Gb  FltToS32.o [4]
__aeabi_f2uiz           0x00008db1          Code  Gb  FltToU32.o [4]
__aeabi_fadd            0x000035f9          Code  Gb  FltAdd.o [4]
__aeabi_fdiv            0x000054f5          Code  Gb  FltDiv.o [4]
__aeabi_fmul            0x00003331          Code  Gb  FltMul.o [4]
__aeabi_fsub            0x00003249          Code  Gb  FltSub.o [4]
__aeabi_i2d             0x00002c35          Code  Gb  I32ToDbl.o [4]
__aeabi_i2f             0x00003185          Code  Gb  I32ToFlt.o [4]
__aeabi_memclr4         0x00002c2d          Code  Gb  ABImemclr4.o [5]
__aeabi_ui2d            0x00002c49          Code  Gb  I32ToDbl.o [4]
__aeabi_ui2f            0x00003199          Code  Gb  I32ToFlt.o [4]
__as_entries_start      0xffffffff           --   Gb  command line/config [2]
__as_table_start        0xffffffff           --   Gb  command line/config [2]
__cmain                 0x0000a611          Code  Gb  cmain.o [5]
__exit                  0x0000a641    0x14  Code  Gb  exit.o [6]
__iar_Memset4_word      0x00003459          Code  Gb  ABImemset48.o [5]
__iar_Memset8_word      0x00003459          Code  Gb  ABImemset48.o [5]
__iar_d2uiz             0x00002e35          Code  Gb  DblToI32.o [4]
__iar_dadd              0x000030b1          Code  Gb  DblAdd.o [4]
__iar_data_init3        0x0000a595    0x28  Code  Gb  data_init.o [5]
__iar_dsub              0x0000348d          Code  Gb  DblSub.o [4]
__iar_dsubStart         0x0000349f          Code  Gb  DblSub.o [4]
__iar_fadd              0x00003609          Code  Gb  FltAdd.o [4]
__iar_fsub              0x00003259          Code  Gb  FltSub.o [4]
__iar_fsubStart         0x00003269          Code  Gb  FltSub.o [4]
__iar_program_start     0x0000a6d1          Code  Gb  cstartup_M.o [5]
__iar_ui2d              0x00002c4d          Code  Gb  I32ToDbl.o [4]
__iar_ui2f              0x0000319d          Code  Gb  I32ToFlt.o [4]
__iar_unaligned___aeabi_memcpy4
                        0x00004bc1          Code  Gb  ABImemcpy_unaligned.o [5]
__iar_unaligned___aeabi_memcpy8
                        0x00004bc1          Code  Gb  ABImemcpy_unaligned.o [5]
__iar_zero_init3        0x00002c0b    0x22  Code  Gb  zero_init3.o [5]
__low_level_init        0x0000a62b     0x4  Code  Gb  low_level_init.o [3]
__vector_table          0x00000000          Data  Gb  startup_K60F12.o [1]
__vector_table_0x1c     0x0000001c          Data  Gb  startup_K60F12.o [1]
_call_main              0x0000a61d          Code  Gb  cmain.o [5]
_exit                   0x0000a635          Code  Gb  cexit.o [5]
_main                   0x0000a627          Code  Gb  cmain.o [5]
a_y                     0x1fff186c     0x4  Data  Gb  ligen_car.o [1]
a_y_max                 0x1fff1870     0x4  Data  Gb  ligen_car.o [1]
a_y_min                 0x1fff04c8     0x4  Data  Gb  ligen_car.o [1]
angle_to_period         0x0000636d    0x24  Code  Gb  ligen_car.o [1]
baohu                   0x1fff187c     0x4  Data  Gb  ligen_car.o [1]
bm_init                 0x00003777   0x180  Code  Gb  sys.o [1]
bm_pz                   0x1fff184c     0x4  Data  Gb  ligen_car.o [1]
bm_y                    0x1fff1848     0x4  Data  Gb  ligen_car.o [1]
bm_z                    0x1fff1844     0x4  Data  Gb  ligen_car.o [1]
ch1_over_cnt            0x1fff1988     0x4  Data  Gb  sys.o [1]
ch2_over_cnt            0x1fff198c     0x4  Data  Gb  sys.o [1]
cjh                     0x1fff1990     0x4  Data  Gb  sys.o [1]
cjhs                    0x1fff04ec   0x190  Data  Gb  sys.o [1]
common_relocate         0x0000a0fd    0xa0  Code  Gb  relocate.o [1]
count_RX                0x1fffffcb     0x1  Data  Gb  sys.o [1]
cs_y                    0x1fff1884     0x4  Data  Gb  ligen_car.o [1]
cs_z                    0x1fff1880     0x4  Data  Gb  ligen_car.o [1]
csbs                    0x1fff1864     0x4  Data  Gb  ligen_car.o [1]
display                 0x00006d19   0x192  Code  Gb  ligen_car.o [1]
djjd                    0x1fff1878     0x4  Data  Gb  ligen_car.o [1]
dma0_isr                0x000038f9    0x2a  Code  Gb  sys.o [1]
dma1_isr                0x00003925    0x2a  Code  Gb  sys.o [1]
dma_init_struct         0x1fff1900    0x2c  Data  Gb  sys.o [1]
dmac_init_struct        0x1fff192c    0x2c  Data  Gb  sys.o [1]
dmad_init_struct        0x1fff1958    0x2c  Data  Gb  sys.o [1]
duoji                   0x1fff069c     0x4  Data  Gb  CONTROL.o [1]
duojipianyi             0x1fff0490     0x4  Data  Gb  ligen_car.o [1]
duojizkb                0x1fff1834     0x4  Data  Gb  ligen_car.o [1]
duojizkb0               0x1fff1838     0x4  Data  Gb  ligen_car.o [1]
duojizkb1               0x1fff183c     0x4  Data  Gb  ligen_car.o [1]
exit                    0x0000a62f     0x4  Code  Gb  exit.o [3]
fabss                   0x00002ba5     0xe  Code  Gb  IMAGE.o [1]
firstline_l             0x1fff0468     0x4  Data  Gb  IMAGE.o [1]
firstline_m             0x1fff0470     0x4  Data  Gb  IMAGE.o [1]
firstline_r             0x1fff046c     0x4  Data  Gb  IMAGE.o [1]
flag_rx_succsess        0x1fffffc9     0x1  Data  Gb  sys.o [1]
flexcan_msgobj_param_t  0x1fff0850   0x100  Data  Gb  HW_CAN.o [1]
fs                      0x1fff04e8     0x4  Data  Gb  sys.o [1]
ftm_init_struct         0x1fff1818    0x1c  Data  Gb  ligen_car.o [1]
g_Derict                0x1fffffc3     0x1  Data  Gb  IMAGE.o [1]
g_bus_clock             0x1fff0458     0x4  Data  Gb  HW_MCG.o [1]
g_core_clock            0x1fff0454     0x4  Data  Gb  HW_MCG.o [1]
g_flash_clock           0x1fff045c     0x4  Data  Gb  HW_MCG.o [1]
g_flexbus_clock         0x1fff0460     0x4  Data  Gb  HW_MCG.o [1]
gpio_init_struct        0x1fffffa0    0x14  Data  Gb  sys.o [1]
hx                      0x1fff17ec     0x4  Data  Gb  IMAGE.o [1]
hx_end                  0x1fff1680   0x168  Data  Gb  IMAGE.o [1]
hx_end_line             0x1fff0484     0x4  Data  Gb  IMAGE.o [1]
hx_find_count_max       0x1fff1340     0x4  Data  Gb  IMAGE.o [1]
hx_found_Column         0x1fff133c     0x4  Data  Gb  IMAGE.o [1]
hx_i                    0x1fff0488     0x4  Data  Gb  IMAGE.o [1]
interror                0x1fff06a0     0x4  Data  Gb  CONTROL.o [1]
joc                     0x1fffffb8     0x4  Data  Gb  sys.o [1]
js                      0x1fff04cc     0x4  Data  Gb  ligen_car.o [1]
jssd                    0x1fff04d0     0x4  Data  Gb  ligen_car.o [1]
k                       0x1fff0418     0x4  Data  Gb  CONTROL.o [1]
lastDirect              0x1fffffc0     0x2  Data  Gb  PID.o [1]
last_is_midline         0x1fff1678     0x4  Data  Gb  IMAGE.o [1]
light_mode              0x1fff1874     0x4  Data  Gb  ligen_car.o [1]
main                    0x00005e7b   0x21c  Code  Gb  ligen_car.o [1]
memcpy                  0x00005e05    0x42  Code  Gb  stdlib.o [1]
mid_line_count          0x1fff17f4     0x4  Data  Gb  IMAGE.o [1]
mid_line_count_last     0x1fff1810     0x4  Data  Gb  IMAGE.o [1]
mid_line_count_ls       0x1fff180c     0x4  Data  Gb  IMAGE.o [1]
midline_fcount          0x1fff153c     0x4  Data  Gb  IMAGE.o [1]
midline_fcount_max      0x1fff1540     0x4  Data  Gb  IMAGE.o [1]
minline_js              0x1fff1868     0x4  Data  Gb  ligen_car.o [1]
mode                    0x1fff049c     0x4  Data  Gb  ligen_car.o [1]
mode1                   0x1fff17f8     0x4  Data  Gb  IMAGE.o [1]
mode2                   0x1fff17fc     0x4  Data  Gb  IMAGE.o [1]
mode3                   0x1fff1800     0x4  Data  Gb  IMAGE.o [1]
mode4                   0x1fff1804     0x4  Data  Gb  IMAGE.o [1]
mode4_zhangai           0x1fff1808     0x4  Data  Gb  IMAGE.o [1]
pData1                  0x1fffffcc     0x1  Data  Gb  sys.o [1]
pData2                  0x1fffffcd     0x1  Data  Gb  sys.o [1]
pData3                  0x1fffffce     0x1  Data  Gb  sys.o [1]
pit_isr                 0x0000394f   0x1c4  Code  Gb  sys.o [1]
pitcnt                  0x1fff1984     0x4  Data  Gb  sys.o [1]
porta_isr               0x00003cb9    0xb6  Code  Gb  sys.o [1]
portb_isr               0x00003d71    0x9a  Code  Gb  sys.o [1]
printk                  0x00007de5   0x3e8  Code  Gb  printf.o [1]
printk_mknumstr         0x00007d39    0x70  Code  Lc  printf.o [1]
printk_pad_space        0x00007dc7    0x1e  Code  Lc  printf.o [1]
printk_pad_zero         0x00007da9    0x1e  Code  Lc  printf.o [1]
printk_putc             0x00007d0d    0x2c  Code  Lc  printf.o [1]
pta_init                0x1fff189c    0x14  Data  Gb  sys.o [1]
ptb_init                0x1fff18b0    0x14  Data  Gb  sys.o [1]
ptc_init                0x1fff18c4    0x14  Data  Gb  sys.o [1]
ptd_init                0x1fff18ec    0x14  Data  Gb  sys.o [1]
pte_init                0x1fff18d8    0x14  Data  Gb  sys.o [1]
public_init             0x000036a9    0x1c  Code  Gb  sys.o [1]
putstr                  0x00004215    0x42  Code  Gb  sys.o [1]
pwm_init                0x0000621f   0x14e  Code  Gb  ligen_car.o [1]
sa                      0x1fff19b0     0x8  Data  Gb  sys.o [1]
sd                      0x1fff04a4     0x4  Data  Gb  ligen_car.o [1]
sd_a                    0x1fff04a8    0x20  Data  Gb  ligen_car.o [1]
sfminline               0x1fff048c     0x4  Data  Gb  IMAGE.o [1]
sfminline_last          0x1fff06a8     0x4  Data  Gb  CONTROL.o [1]
sfzj                    0x1fff0e74     0x4  Data  Gb  IMAGE.o [1]
showmode                0x1fff0494     0x4  Data  Gb  ligen_car.o [1]
showmode_last           0x1fff0498     0x4  Data  Gb  ligen_car.o [1]
sprintf                 0x000081cd    0x26  Code  Gb  printf.o [1]
sst_h                   0x1fff067c     0x4  Data  Gb  sys.o [1]
str_ln                  0x1fff19b8     0x4  Data  Gb  sys.o [1]
strlen                  0x00005de9    0x1c  Code  Gb  stdlib.o [1]
tbs_all                 0x1fff1530     0x4  Data  Gb  IMAGE.o [1]
tbs_y                   0x1fff152c     0x4  Data  Gb  IMAGE.o [1]
tbs_z                   0x1fff1528     0x4  Data  Gb  IMAGE.o [1]
this_is_midline         0x1fff167c     0x4  Data  Gb  IMAGE.o [1]
tiaobian_Left           0x1fff0b54   0x190  Data  Gb  IMAGE.o [1]
tiaobian_Right          0x1fff0ce4   0x190  Data  Gb  IMAGE.o [1]
uart_init               0x00003ecd    0x5e  Code  Gb  sys.o [1]
uart_isr                0x00003f2d    0x60  Code  Gb  sys.o [1]
yxh                     0x1fff06a4     0x4  Data  Gb  CONTROL.o [1]
yxhs                    0x1fff1524     0x4  Data  Gb  IMAGE.o [1]
zaw_mode                0x1fff14d4     0x4  Data  Gb  IMAGE.o [1]
zaw_mode_last           0x1fff083c     0x4  Data  Gb  CONTROL.o [1]
zkb                     0x1fff04a0     0x4  Data  Gb  ligen_car.o [1]


[1] = C:\Users\Administrator\Desktop\lpld\LPLD_OSKinetis_V3.1\project\ligen_car通用7-28-3.23封\iar\FLASH\Obj
[2] = command line
[3] = dl7M_tln.a
[4] = m7M_tl.a
[5] = rt7M_tl.a
[6] = shb_l.a

  39 598 bytes of readonly  code memory
   3 142 bytes of readonly  data memory
  72 635 bytes of readwrite data memory

Errors: none
Warnings: none
