###############################################################################
#
# IAR ELF Linker V7.30.3.8024/W32 for ARM                 25/Nov/2017  21:36:36
# Copyright 2007-2014 IAR Systems AB.
#
#    Output file  =  
#        C:\Moonstar\AILab\第十三届恩智浦智能车竞赛\meetingcar\software\_10.13new\_10.13new\Prj\IAR\FN15_Debug\Exe\vcan_Kinetis.out
#    Map file     =  
#        C:\Moonstar\AILab\第十三届恩智浦智能车竞赛\meetingcar\software\_10.13new\_10.13new\Prj\IAR\FN15_Debug\List\vcan_Kinetis.map
#    Command line =  
#        C:\Moonstar\AILab\第十三届恩智浦智能车竞赛\meetingcar\software\_10.13new\_10.13new\Prj\IAR\FN15_Debug\Obj\camera.o
#        C:\Moonstar\AILab\第十三届恩智浦智能车竞赛\meetingcar\software\_10.13new\_10.13new\Prj\IAR\FN15_Debug\Obj\control_car.o
#        C:\Moonstar\AILab\第十三届恩智浦智能车竞赛\meetingcar\software\_10.13new\_10.13new\Prj\IAR\FN15_Debug\Obj\diskio.o
#        C:\Moonstar\AILab\第十三届恩智浦智能车竞赛\meetingcar\software\_10.13new\_10.13new\Prj\IAR\FN15_Debug\Obj\ff.o
#        C:\Moonstar\AILab\第十三届恩智浦智能车竞赛\meetingcar\software\_10.13new\_10.13new\Prj\IAR\FN15_Debug\Obj\filter.o
#        C:\Moonstar\AILab\第十三届恩智浦智能车竞赛\meetingcar\software\_10.13new\_10.13new\Prj\IAR\FN15_Debug\Obj\FTM.o
#        C:\Moonstar\AILab\第十三届恩智浦智能车竞赛\meetingcar\software\_10.13new\_10.13new\Prj\IAR\FN15_Debug\Obj\main.o
#        C:\Moonstar\AILab\第十三届恩智浦智能车竞赛\meetingcar\software\_10.13new\_10.13new\Prj\IAR\FN15_Debug\Obj\misc.o
#        C:\Moonstar\AILab\第十三届恩智浦智能车竞赛\meetingcar\software\_10.13new\_10.13new\Prj\IAR\FN15_Debug\Obj\MK60_adc.o
#        C:\Moonstar\AILab\第十三届恩智浦智能车竞赛\meetingcar\software\_10.13new\_10.13new\Prj\IAR\FN15_Debug\Obj\MK60_can.o
#        C:\Moonstar\AILab\第十三届恩智浦智能车竞赛\meetingcar\software\_10.13new\_10.13new\Prj\IAR\FN15_Debug\Obj\MK60_conf.o
#        C:\Moonstar\AILab\第十三届恩智浦智能车竞赛\meetingcar\software\_10.13new\_10.13new\Prj\IAR\FN15_Debug\Obj\MK60_dac.o
#        C:\Moonstar\AILab\第十三届恩智浦智能车竞赛\meetingcar\software\_10.13new\_10.13new\Prj\IAR\FN15_Debug\Obj\MK60_dma.o
#        C:\Moonstar\AILab\第十三届恩智浦智能车竞赛\meetingcar\software\_10.13new\_10.13new\Prj\IAR\FN15_Debug\Obj\MK60_DWT.o
#        C:\Moonstar\AILab\第十三届恩智浦智能车竞赛\meetingcar\software\_10.13new\_10.13new\Prj\IAR\FN15_Debug\Obj\MK60_flash.o
#        C:\Moonstar\AILab\第十三届恩智浦智能车竞赛\meetingcar\software\_10.13new\_10.13new\Prj\IAR\FN15_Debug\Obj\MK60_flexbus.o
#        C:\Moonstar\AILab\第十三届恩智浦智能车竞赛\meetingcar\software\_10.13new\_10.13new\Prj\IAR\FN15_Debug\Obj\MK60_ftm.o
#        C:\Moonstar\AILab\第十三届恩智浦智能车竞赛\meetingcar\software\_10.13new\_10.13new\Prj\IAR\FN15_Debug\Obj\MK60_gpio.o
#        C:\Moonstar\AILab\第十三届恩智浦智能车竞赛\meetingcar\software\_10.13new\_10.13new\Prj\IAR\FN15_Debug\Obj\MK60_i2c.o
#        C:\Moonstar\AILab\第十三届恩智浦智能车竞赛\meetingcar\software\_10.13new\_10.13new\Prj\IAR\FN15_Debug\Obj\MK60_it.o
#        C:\Moonstar\AILab\第十三届恩智浦智能车竞赛\meetingcar\software\_10.13new\_10.13new\Prj\IAR\FN15_Debug\Obj\MK60_lptmr.o
#        C:\Moonstar\AILab\第十三届恩智浦智能车竞赛\meetingcar\software\_10.13new\_10.13new\Prj\IAR\FN15_Debug\Obj\MK60_mcg.o
#        C:\Moonstar\AILab\第十三届恩智浦智能车竞赛\meetingcar\software\_10.13new\_10.13new\Prj\IAR\FN15_Debug\Obj\MK60_PIT.o
#        C:\Moonstar\AILab\第十三届恩智浦智能车竞赛\meetingcar\software\_10.13new\_10.13new\Prj\IAR\FN15_Debug\Obj\MK60_port.o
#        C:\Moonstar\AILab\第十三届恩智浦智能车竞赛\meetingcar\software\_10.13new\_10.13new\Prj\IAR\FN15_Debug\Obj\MK60_rtc.o
#        C:\Moonstar\AILab\第十三届恩智浦智能车竞赛\meetingcar\software\_10.13new\_10.13new\Prj\IAR\FN15_Debug\Obj\MK60_sdhc.o
#        C:\Moonstar\AILab\第十三届恩智浦智能车竞赛\meetingcar\software\_10.13new\_10.13new\Prj\IAR\FN15_Debug\Obj\MK60_spi.o
#        C:\Moonstar\AILab\第十三届恩智浦智能车竞赛\meetingcar\software\_10.13new\_10.13new\Prj\IAR\FN15_Debug\Obj\MK60_SysTick.o
#        C:\Moonstar\AILab\第十三届恩智浦智能车竞赛\meetingcar\software\_10.13new\_10.13new\Prj\IAR\FN15_Debug\Obj\MK60_uart.o
#        C:\Moonstar\AILab\第十三届恩智浦智能车竞赛\meetingcar\software\_10.13new\_10.13new\Prj\IAR\FN15_Debug\Obj\MK60_usb.o
#        C:\Moonstar\AILab\第十三届恩智浦智能车竞赛\meetingcar\software\_10.13new\_10.13new\Prj\IAR\FN15_Debug\Obj\MK60_wdog.o
#        C:\Moonstar\AILab\第十三届恩智浦智能车竞赛\meetingcar\software\_10.13new\_10.13new\Prj\IAR\FN15_Debug\Obj\OLED.o
#        C:\Moonstar\AILab\第十三届恩智浦智能车竞赛\meetingcar\software\_10.13new\_10.13new\Prj\IAR\FN15_Debug\Obj\receive.o
#        C:\Moonstar\AILab\第十三届恩智浦智能车竞赛\meetingcar\software\_10.13new\_10.13new\Prj\IAR\FN15_Debug\Obj\startup_MK60DZ10.o
#        C:\Moonstar\AILab\第十三届恩智浦智能车竞赛\meetingcar\software\_10.13new\_10.13new\Prj\IAR\FN15_Debug\Obj\system_MK60DZ10.o
#        C:\Moonstar\AILab\第十三届恩智浦智能车竞赛\meetingcar\software\_10.13new\_10.13new\Prj\IAR\FN15_Debug\Obj\Ultrasonic.o
#        C:\Moonstar\AILab\第十三届恩智浦智能车竞赛\meetingcar\software\_10.13new\_10.13new\Prj\IAR\FN15_Debug\Obj\USB.o
#        C:\Moonstar\AILab\第十三届恩智浦智能车竞赛\meetingcar\software\_10.13new\_10.13new\Prj\IAR\FN15_Debug\Obj\USB_CDC.o
#        C:\Moonstar\AILab\第十三届恩智浦智能车竞赛\meetingcar\software\_10.13new\_10.13new\Prj\IAR\FN15_Debug\Obj\VCAN_ASCII.o
#        C:\Moonstar\AILab\第十三届恩智浦智能车竞赛\meetingcar\software\_10.13new\_10.13new\Prj\IAR\FN15_Debug\Obj\VCAN_BMP.o
#        C:\Moonstar\AILab\第十三届恩智浦智能车竞赛\meetingcar\software\_10.13new\_10.13new\Prj\IAR\FN15_Debug\Obj\VCAN_computer.o
#        C:\Moonstar\AILab\第十三届恩智浦智能车竞赛\meetingcar\software\_10.13new\_10.13new\Prj\IAR\FN15_Debug\Obj\vcan_img2sd.o
#        C:\Moonstar\AILab\第十三届恩智浦智能车竞赛\meetingcar\software\_10.13new\_10.13new\Prj\IAR\FN15_Debug\Obj\VCAN_key.o
#        C:\Moonstar\AILab\第十三届恩智浦智能车竞赛\meetingcar\software\_10.13new\_10.13new\Prj\IAR\FN15_Debug\Obj\VCAN_key_event.o
#        C:\Moonstar\AILab\第十三届恩智浦智能车竞赛\meetingcar\software\_10.13new\_10.13new\Prj\IAR\FN15_Debug\Obj\VCAN_LCD.o
#        C:\Moonstar\AILab\第十三届恩智浦智能车竞赛\meetingcar\software\_10.13new\_10.13new\Prj\IAR\FN15_Debug\Obj\VCAN_LCD_CH.o
#        C:\Moonstar\AILab\第十三届恩智浦智能车竞赛\meetingcar\software\_10.13new\_10.13new\Prj\IAR\FN15_Debug\Obj\VCAN_LCD_ILI9341.o
#        C:\Moonstar\AILab\第十三届恩智浦智能车竞赛\meetingcar\software\_10.13new\_10.13new\Prj\IAR\FN15_Debug\Obj\VCAN_LCD_ST7735R.o
#        C:\Moonstar\AILab\第十三届恩智浦智能车竞赛\meetingcar\software\_10.13new\_10.13new\Prj\IAR\FN15_Debug\Obj\VCAN_LCD_ST7735S.o
#        C:\Moonstar\AILab\第十三届恩智浦智能车竞赛\meetingcar\software\_10.13new\_10.13new\Prj\IAR\FN15_Debug\Obj\VCAN_LED.o
#        C:\Moonstar\AILab\第十三届恩智浦智能车竞赛\meetingcar\software\_10.13new\_10.13new\Prj\IAR\FN15_Debug\Obj\VCAN_MMA7455.o
#        C:\Moonstar\AILab\第十三届恩智浦智能车竞赛\meetingcar\software\_10.13new\_10.13new\Prj\IAR\FN15_Debug\Obj\VCAN_OV7725_Eagle.o
#        C:\Moonstar\AILab\第十三届恩智浦智能车竞赛\meetingcar\software\_10.13new\_10.13new\Prj\IAR\FN15_Debug\Obj\VCAN_OV7725_Wolf.o
#        C:\Moonstar\AILab\第十三届恩智浦智能车竞赛\meetingcar\software\_10.13new\_10.13new\Prj\IAR\FN15_Debug\Obj\VCAN_RTC_count.o
#        C:\Moonstar\AILab\第十三届恩智浦智能车竞赛\meetingcar\software\_10.13new\_10.13new\Prj\IAR\FN15_Debug\Obj\VCAN_SCCB.o
#        C:\Moonstar\AILab\第十三届恩智浦智能车竞赛\meetingcar\software\_10.13new\_10.13new\Prj\IAR\FN15_Debug\Obj\vcan_sd_app.o
#        C:\Moonstar\AILab\第十三届恩智浦智能车竞赛\meetingcar\software\_10.13new\_10.13new\Prj\IAR\FN15_Debug\Obj\VCAN_TSL1401.o
#        C:\Moonstar\AILab\第十三届恩智浦智能车竞赛\meetingcar\software\_10.13new\_10.13new\Prj\IAR\FN15_Debug\Obj\VCAN_UI_VAR.o
#        C:\Moonstar\AILab\第十三届恩智浦智能车竞赛\meetingcar\software\_10.13new\_10.13new\Prj\IAR\FN15_Debug\Obj\vectors.o
#        --redirect _Printf=_PrintfLargeNoMb --redirect _Scanf=_ScanfLargeNoMb
#        -o
#        C:\Moonstar\AILab\第十三届恩智浦智能车竞赛\meetingcar\software\_10.13new\_10.13new\Prj\IAR\FN15_Debug\Exe\vcan_Kinetis.out
#        --map
#        C:\Moonstar\AILab\第十三届恩智浦智能车竞赛\meetingcar\software\_10.13new\_10.13new\Prj\IAR\FN15_Debug\List\vcan_Kinetis.map
#        --config
#        "C:\Moonstar\AILab\第十三届恩智浦智能车竞赛\meetingcar\software\_10.13new\_10.13new\Prj\IAR\config
#        files\vcan_ROM_K60N1M.icf"
#        C:\Moonstar\AILab\第十三届恩智浦智能车竞赛\meetingcar\software\_10.13new\_10.13new\Prj\IAR\..\..\Lib\CMSIS\iar_cortexM4l_math.a
#        --entry __iar_program_start --redirect __write=__write_buffered --vfe
#
###############################################################################

*******************************************************************************
*** RUNTIME MODEL ATTRIBUTES
***

CppFlavor                     = *
__SystemLibrary               = DLib
__dlib_dynamic_initialization = normal


*******************************************************************************
*** PLACEMENT SUMMARY
***

"A1":  place at 0x00000000 { ro section .intvec };
"A2":  place at 0x00000410 { ro section .noinit };
"P1":  place in [from 0x00000000 to 0x00100000] { ro, block CodeRelocate };
"P2":  place in [from 0x1fff0410 to 0x20010000] {
          rw, block CodeRelocateRam, block CSTACK, block HEAP };

  Section              Kind        Address    Size  Object
  -------              ----        -------    ----  ------
"A1":                                        0x410
  .intvec              const    0x00000000   0x410  vectors.o [1]
                              - 0x00000410   0x410

"P1", part 1 of 2:                             0x0
  .rodata              const    0x00000410     0x0  zero_init3.o [5]

"A2":                                          0x8
  .noinit              ro code  0x00000410     0x8  startup_MK60DZ10.o [1]
                              - 0x00000418     0x8

"P1", part 2 of 2:                          0x653c
  .text                ro code  0x00000418   0xbee  xprintflarge_nomb.o [3]
  .text                ro code  0x00001006    0x22  zero_init3.o [5]
  .text                ro code  0x00001028    0x16  strchr.o [5]
  .rodata              const    0x0000103e     0x2  camera.o [1]
  .text                ro code  0x00001040    0x36  strlen.o [5]
  .text                ro code  0x00001078    0x58  memchr.o [5]
  .text                ro code  0x000010d0    0xee  I64DivMod.o [5]
  .text                ro code  0x000011c0    0x76  ABImemcpy_unaligned.o [5]
  .text                ro code  0x00001236    0x42  xdnorm.o [4]
  .text                ro code  0x00001278    0x2e  DblCmpLe.o [4]
  .text                ro code  0x000012a8   0x1a2  DblMul.o [4]
  .text                ro code  0x0000144c   0x246  DblDiv.o [4]
  .text                ro code  0x00001694    0x58  DblToI32.o [4]
  .text                ro code  0x000016ec    0x30  I32ToDbl.o [4]
  .text                ro code  0x0000171c   0x180  DblSub.o [4]
  .text                ro code  0x0000189c    0x6c  localeconv.o [3]
  .text                ro code  0x00001908     0xe  div.o [3]
  .text                ro code  0x00001918     0x2  I64DivZer.o [5]
  .text                ro code  0x0000191c    0xe8  DblAdd.o [4]
  .text                ro code  0x00001a04     0x2  xtls.o [3]
  .text                ro code  0x00001a08   0x8a0  main.o [1]
  .text                ro code  0x000022a8   0x390  OLED.o [1]
  .text                ro code  0x00002638    0x4e  FltToDbl.o [4]
  .text                ro code  0x00002688    0x90  DblToFlt.o [4]
  .text                ro code  0x00002718   0x5dc  FTM.o [1]
  .text                ro code  0x00002cf4   0x230  VCAN_OV7725_Eagle.o [1]
  .text                ro code  0x00002f24   0x2d8  camera.o [1]
  .text                ro code  0x000031fc   0x2b8  MK60_adc.o [1]
  .text                ro code  0x000034b4   0x288  receive.o [1]
  .text                ro code  0x0000373c    0x30  control_car.o [1]
  .text                ro code  0x0000376c   0x164  MK60_gpio.o [1]
  .text                ro code  0x000038d0    0xb4  filter.o [1]
  .text                ro code  0x00003984    0x7c  MK60_PIT.o [1]
  .text                ro code  0x00003a00    0x50  misc.o [1]
  .text                ro code  0x00003a50    0xb0  MK60_port.o [1]
  .text                ro code  0x00003b00   0x5e8  MK60_ftm.o [1]
  .text                ro code  0x000040e8    0x2e  DblCmpGe.o [4]
  .text                ro code  0x00004118   0x394  tan.o [4]
  .text                ro code  0x000044ac   0x284  MK60_dma.o [1]
  .text                ro code  0x00004730   0x362  VCAN_SCCB.o [1]
  .text                ro code  0x00004a94    0x24  printf.o [3]
  .text                ro code  0x00004ab8    0x64  MK60_SysTick.o [1]
  .text                ro code  0x00004b1c    0x7c  MK60_conf.o [1]
  .text                ro code  0x00004b98    0x4c  strtok.o [3]
  .text                ro code  0x00004be4     0x8  atoi.o [3]
  .text                ro code  0x00004bec   0x2a8  MK60_uart.o [1]
  .text                ro code  0x00004e94   0x168  xquad.o [4]
  .text                ro code  0x00004ffc     0xc  errno.o [3]
  .text                ro code  0x00005008    0x50  VCAN_LED.o [1]
  .text                ro code  0x00005058    0x22  strspn.o [3]
  .text                ro code  0x0000507a    0x22  strcspn.o [3]
  .text                ro code  0x0000509c   0x198  xstoul.o [3]
  .text                ro code  0x00005234    0x7e  xdint.o [4]
  .text                ro code  0x000052b4    0x20  DblCmpEq.o [4]
  .text                ro code  0x000052d4   0x1a8  fmod.o [4]
  .text                ro code  0x0000547c    0x14  isxxx.o [3]
  .text                ro code  0x00005490    0x14  tolower.o [3]
  .text                ro code  0x000054a4     0xc  iarEdom.o [5]
  .text                ro code  0x000054b0    0x18  setlocale.o [3]
  .text                ro code  0x000054c8    0x14  xlocale_c.o [3]
  .text                ro code  0x000054dc     0xc  xlocale_c.o [3]
  .data_init                    0x000054e8   0x89c  <Block>
    Initializer bytes  ro data  0x000054e8   0x89c  <for .data-1>
  Veneer               ro code  0x00005d84     0x8  - Linker created -
  .text                ro code  0x00005d8c   0x3d4  MK60_mcg.o [1]
  .text                ro code  0x00006160   0x13c  system_MK60DZ10.o [1]
  .text                ro code  0x0000629c    0x40  MK60_wdog.o [1]
  .rodata              const    0x000062dc    0x6c  MK60_SysTick.o [1]
  .rodata              const    0x00006348    0x68  MK60_adc.o [1]
  .rodata              const    0x000063b0    0x68  MK60_dma.o [1]
  .rodata              const    0x00006418    0x68  MK60_ftm.o [1]
  .rodata              const    0x00006480    0x68  MK60_gpio.o [1]
  .rodata              const    0x000064e8    0x68  MK60_PIT.o [1]
  .rodata              const    0x00006550    0x68  MK60_uart.o [1]
  .rodata              const    0x000065b8    0x64  misc.o [1]
  CodeRelocate                  0x0000661c    0x50  <Block>
    Initializer bytes  ro data  0x0000661c    0x50  <for CodeRelocateRam-1>
  .rodata              const    0x0000666c    0x3c  MK60_conf.o [1]
  .text                ro code  0x000066a8    0x28  data_init.o [5]
  .rodata              const    0x000066d0    0x24  MK60_conf.o [1]
  .rodata              const    0x000066f4    0x24  VCAN_OV7725_Eagle.o [1]
  .rodata              const    0x00006718    0x24  VCAN_OV7725_Eagle.o [1]
  .text                ro code  0x0000673c    0x22  fpinit_M.o [4]
  .iar.init_table      const    0x00006760    0x10  - Linker created -
  .rodata              const    0x00006770    0x20  VCAN_OV7725_Eagle.o [1]
  .text                ro code  0x00006790    0x1a  cmain.o [5]
  .text                ro code  0x000067aa     0x4  low_level_init.o [3]
  .text                ro code  0x000067ae     0x4  exit.o [3]
  .text                ro code  0x000067b4     0xa  cexit.o [5]
  .text                ro code  0x000067c0     0xc  XXexit.o [5]
  .rodata              const    0x000067cc    0x18  VCAN_OV7725_Eagle.o [1]
  .rodata              const    0x000067e4    0x18  VCAN_OV7725_Eagle.o [1]
  .text                ro code  0x000067fc    0x16  xprout.o [3]
  .text                ro code  0x00006814     0xc  putchar.o [3]
  .rodata              const    0x00006820    0x14  VCAN_OV7725_Eagle.o [1]
  .text                ro code  0x00006834     0xc  cstartup_M.o [5]
  .rodata              const    0x00006840     0x4  FTM.o [1]
  .rodata              const    0x00006844     0x4  FTM.o [1]
  .rodata              const    0x00006848     0x4  FTM.o [1]
  .rodata              const    0x0000684c     0x4  main.o [1]
  Initializer bytes    ro data  0x00006850   0x104  <for P2 s0>
                              - 0x00006954  0x653c

"P2":                                       0x26a8
  .data                         0x1fff0410   0x89c  <Block>
    .data-1                     0x1fff0410   0x89c  <Init block>
      .data            inited   0x1fff0410     0x4  FTM.o [1]
      .data            inited   0x1fff0414     0x4  FTM.o [1]
      .data            inited   0x1fff0418     0x4  main.o [1]
      .data            inited   0x1fff041c     0x4  main.o [1]
      .data            inited   0x1fff0420     0x8  MK60_adc.o [1]
      .data            inited   0x1fff0428   0x708  MK60_conf.o [1]
      .data            inited   0x1fff0b30    0x10  MK60_ftm.o [1]
      .data            inited   0x1fff0b40    0x14  MK60_gpio.o [1]
      .data            inited   0x1fff0b54    0x58  MK60_mcg.o [1]
      .data            inited   0x1fff0bac     0x4  MK60_mcg.o [1]
      .data            inited   0x1fff0bb0    0x14  MK60_port.o [1]
      .data            inited   0x1fff0bc4    0x18  MK60_uart.o [1]
      .data            inited   0x1fff0bdc     0x4  receive.o [1]
      .data            inited   0x1fff0be0     0x4  receive.o [1]
      .data            inited   0x1fff0be4     0x4  receive.o [1]
      .data            inited   0x1fff0be8     0x4  receive.o [1]
      .data            inited   0x1fff0bec     0x4  receive.o [1]
      .data            inited   0x1fff0bf0     0x4  receive.o [1]
      .data            inited   0x1fff0bf4     0x4  receive.o [1]
      .data            inited   0x1fff0bf8     0x4  receive.o [1]
      .data            inited   0x1fff0bfc     0x4  VCAN_LED.o [1]
      .data            inited   0x1fff0c00     0x1  VCAN_OV7725_Eagle.o [1]
      .data            inited   0x1fff0c04    0x64  VCAN_OV7725_Eagle.o [1]
      .data            inited   0x1fff0c68     0x1  VCAN_OV7725_Eagle.o [1]
      .data            inited   0x1fff0c6c    0x40  xfiles.o [3]
  CodeRelocateRam               0x1fff0cac    0x50  <Block>
    CodeRelocateRam-1           0x1fff0cac    0x50  <Init block>
      .textrw          inited   0x1fff0cac    0x50  MK60_mcg.o [1]
  .bss                          0x1fff0d00  0x1cb8  <Block>
    .bss               zero     0x1fff0d00     0x8  FTM.o [1]
    .bss               zero     0x1fff0d08     0x8  FTM.o [1]
    .bss               zero     0x1fff0d10     0x8  FTM.o [1]
    .bss               zero     0x1fff0d18   0x258  camera.o [1]
    .bss               zero     0x1fff0f70  0x12c0  camera.o [1]
    .bss               zero     0x1fff2230    0xf0  camera.o [1]
    .bss               zero     0x1fff2320    0xf0  camera.o [1]
    .bss               zero     0x1fff2410    0xf0  camera.o [1]
    .bss               zero     0x1fff2500    0xf0  camera.o [1]
    .bss               zero     0x1fff25f0     0x4  camera.o [1]
    .bss               zero     0x1fff25f4     0x4  camera.o [1]
    .bss               zero     0x1fff25f8     0x4  camera.o [1]
    .bss               zero     0x1fff25fc    0x30  camera.o [1]
    .bss               zero     0x1fff262c     0x4  filter.o [1]
    .bss               zero     0x1fff2630     0x4  filter.o [1]
    .bss               zero     0x1fff2634     0x4  FTM.o [1]
    .bss               zero     0x1fff2638     0x4  FTM.o [1]
    .bss               zero     0x1fff263c     0xc  FTM.o [1]
    .bss               zero     0x1fff2648     0xc  FTM.o [1]
    .bss               zero     0x1fff2654     0xc  FTM.o [1]
    .bss               zero     0x1fff2660     0x4  FTM.o [1]
    .bss               zero     0x1fff2664     0x4  FTM.o [1]
    .bss               zero     0x1fff2668     0x4  FTM.o [1]
    .bss               zero     0x1fff266c     0x4  FTM.o [1]
    .bss               zero     0x1fff2670     0x4  FTM.o [1]
    .bss               zero     0x1fff2674     0x4  FTM.o [1]
    .bss               zero     0x1fff2678     0x4  FTM.o [1]
    .bss               zero     0x1fff267c     0x4  FTM.o [1]
    .bss               zero     0x1fff2680     0x4  FTM.o [1]
    .bss               zero     0x1fff2684     0x4  FTM.o [1]
    .bss               zero     0x1fff2688     0x4  FTM.o [1]
    .bss               zero     0x1fff268c     0x4  FTM.o [1]
    .bss               zero     0x1fff2690     0x4  FTM.o [1]
    .bss               zero     0x1fff2694     0x4  FTM.o [1]
    .bss               zero     0x1fff2698     0x4  main.o [1]
    .bss               zero     0x1fff269c     0x4  main.o [1]
    .bss               zero     0x1fff26a0     0x4  main.o [1]
    .bss               zero     0x1fff26a4     0x4  main.o [1]
    .bss               zero     0x1fff26a8     0x4  main.o [1]
    .bss               zero     0x1fff26ac     0x4  main.o [1]
    .bss               zero     0x1fff26b0     0x4  main.o [1]
    .bss               zero     0x1fff26b4     0x4  main.o [1]
    .bss               zero     0x1fff26b8     0x4  main.o [1]
    .bss               zero     0x1fff26bc     0x4  main.o [1]
    .bss               zero     0x1fff26c0     0x4  main.o [1]
    .bss               zero     0x1fff26c4     0x4  main.o [1]
    .bss               zero     0x1fff26c8    0x10  MK60_ftm.o [1]
    .bss               zero     0x1fff26d8    0x64  receive.o [1]
    .bss               zero     0x1fff273c    0x64  receive.o [1]
    .bss               zero     0x1fff27a0     0x4  receive.o [1]
    .bss               zero     0x1fff27a4     0x4  receive.o [1]
    .bss               zero     0x1fff27a8     0x4  receive.o [1]
    .bss               zero     0x1fff27ac     0x4  receive.o [1]
    .bss               zero     0x1fff27b0     0x4  receive.o [1]
    .bss               zero     0x1fff27b4   0x190  receive.o [1]
    .bss               zero     0x1fff2944     0x4  receive.o [1]
    .bss               zero     0x1fff2948     0x4  receive.o [1]
    .bss               zero     0x1fff294c     0x4  receive.o [1]
    .bss               zero     0x1fff2950     0x4  system_MK60DZ10.o [1]
    .bss               zero     0x1fff2954     0x4  system_MK60DZ10.o [1]
    .bss               zero     0x1fff2958     0x4  system_MK60DZ10.o [1]
    .bss               zero     0x1fff295c     0x4  VCAN_OV7725_Eagle.o [1]
    .bss               zero     0x1fff2960    0x50  xfiles.o [3]
    .bss               zero     0x1fff29b0     0x1  main.o [1]
    .bss               zero     0x1fff29b1     0x1  main.o [1]
    .bss               zero     0x1fff29b2     0x1  receive.o [1]
  P2 s0                         0x1fff29b4   0x104  <Init block>
    __DLIB_PERTHREAD   inited   0x1fff29b4    0x88  localeconv.o [3]
    __DLIB_PERTHREAD   inited   0x1fff2a3c    0x74  setlocale.o [3]
    __DLIB_PERTHREAD   inited   0x1fff2ab0     0x4  strtok.o [3]
    __DLIB_PERTHREAD   inited   0x1fff2ab4     0x4  errno.o [3]
                              - 0x1fff2ab8  0x26a8


*******************************************************************************
*** INIT TABLE
***

          Address     Size
          -------     ----
Zero (__iar_zero_init3)
    1 destination range, total size 0x1cb3:
          0x1fff0d00  0x1cb3



*******************************************************************************
*** MODULE SUMMARY
***

    Module                 ro code  rw code  ro data  rw data
    ------                 -------  -------  -------  -------
C:\Moonstar\AILab\第十三届恩智浦智能车竞赛\meetingcar\software\_10.13new\_10.13new\Prj\IAR\FN15_Debug\Obj: [1]
    FTM.o                    1 500                20      132
    MK60_PIT.o                 124               104
    MK60_SysTick.o             100               108
    MK60_adc.o                 696               112        8
    MK60_conf.o                124             1 896    1 800
    MK60_dma.o                 644               104
    MK60_ftm.o               1 512               120       32
    MK60_gpio.o                356               124       20
    MK60_mcg.o                 980       80      172       92
    MK60_port.o                176                20       20
    MK60_uart.o                680               128       24
    MK60_wdog.o                 64
    OLED.o                     912
    VCAN_LED.o                  80                 4        4
    VCAN_OV7725_Eagle.o        560               277      106
    VCAN_SCCB.o                866
    camera.o                   728                 2    6 420
    control_car.o               48
    filter.o                   180                          8
    main.o                   2 208                12       58
    misc.o                      80               100
    receive.o                  648                32      665
    startup_MK60DZ10.o           8
    system_MK60DZ10.o          316                         12
    vectors.o                                  1 040
    ---------------------------------------------------------
    Total:                  13 590       80    4 375    9 401

command line: [2]
    ---------------------------------------------------------
    Total:

dl7M_tlf.a: [3]
    atoi.o                       8
    div.o                       14
    errno.o                     12                 4        4
    exit.o                       4
    isxxx.o                     20
    localeconv.o               108               136      136
    low_level_init.o             4
    printf.o                    36
    putchar.o                   12
    setlocale.o                 24               116      116
    strcspn.o                   34
    strspn.o                    34
    strtok.o                    76                 4        4
    tolower.o                   20
    xfiles.o                                      67      144
    xlocale_c.o                 32
    xprintflarge_nomb.o      3 054
    xprout.o                    22
    xstoul.o                   408
    xtls.o                       2
    ---------------------------------------------------------
    Total:                   3 924               327      404

m7M_tls.a: [4]
    DblAdd.o                   232
    DblCmpEq.o                  32
    DblCmpGe.o                  46
    DblCmpLe.o                  46
    DblDiv.o                   582
    DblMul.o                   418
    DblSub.o                   384
    DblToFlt.o                 144
    DblToI32.o                  88
    FltToDbl.o                  78
    I32ToDbl.o                  48
    fmod.o                     424
    fpinit_M.o                  34
    tan.o                      916
    xdint.o                    126
    xdnorm.o                    66
    xquad.o                    360
    ---------------------------------------------------------
    Total:                   4 024

rt7M_tl.a: [5]
    ABImemcpy_unaligned.o      118
    I64DivMod.o                238
    I64DivZer.o                  2
    XXexit.o                    12
    cexit.o                     10
    cmain.o                     26
    cstartup_M.o                12
    data_init.o                 40
    iarEdom.o                   12
    memchr.o                    88
    strchr.o                    22
    strlen.o                    54
    zero_init3.o                34
    ---------------------------------------------------------
    Total:                     668

    Gaps                        30                 2        6
    Linker created               8                16
-------------------------------------------------------------
    Grand Total:            22 244       80    4 720    9 811


*******************************************************************************
*** ENTRY LIST
***

Entry                      Address    Size  Type      Object
-----                      -------    ----  ----      ------
.bss$$Base              0x1fff0d00           --   Gb  - Linker created -
.bss$$Limit             0x1fff29b4           --   Gb  - Linker created -
.data$$Base             0x1fff0410           --   Gb  - Linker created -
.data$$Limit            0x1fff0cac           --   Gb  - Linker created -
.data_init$$Base        0x000054e8           --   Gb  - Linker created -
.data_init$$Limit       0x00005d84           --   Gb  - Linker created -
?main                   0x00006791          Code  Gb  cmain.o [5]
ADCN                    0x1fff0420     0x8  Data  Gb  MK60_adc.o [1]
ASSERT_FAILED_STR       0x000066d0    0x24  Data  Gb  MK60_conf.o [1]
Calculate_Distance_FilteringCoefficient
                        0x000038d1    0x20  Code  Gb  filter.o [1]
Calculate_ECHO_FilteringCoefficient
                        0x000038f1    0x20  Code  Gb  filter.o [1]
CodeRelocate$$Base      0x0000661c           --   Gb  - Linker created -
CodeRelocate$$Limit     0x0000666c           --   Gb  - Linker created -
CodeRelocateRam$$Base   0x1fff0cac           --   Gb  - Linker created -
CodeRelocateRam$$Limit  0x1fff0cfc           --   Gb  - Linker created -
DITANCE_IIR_FACTOR      0x1fff262c     0x4  Data  Gb  filter.o [1]
DMA0_IRQHandler         0x00002f71     0x8  Code  Gb  camera.o [1]
Draw_img_black          0x000024c7   0x16e  Code  Gb  OLED.o [1]
ECHO_IIR_FACTOR         0x1fff2630     0x4  Data  Gb  filter.o [1]
ECHO_IIR_Filter         0x00003911    0x66  Code  Gb  filter.o [1]
FTMN                    0x1fff0b30    0x10  Data  Gb  MK60_ftm.o [1]
FTM_get                 0x0000276f    0x2a  Code  Gb  FTM.o [1]
FTM_init                0x00002719    0x56  Code  Gb  FTM.o [1]
FTM_port_mux            0x00003b01   0x1ac  Code  Lc  MK60_ftm.o [1]
GPIOX                   0x1fff0b40    0x14  Data  Gb  MK60_gpio.o [1]
IO_init                 0x000020e9   0x1ae  Code  Gb  main.o [1]
LED_PTxn                0x1fff0bfc     0x4  Data  Gb  VCAN_LED.o [1]
LoadInt                 0x00000993    0x6e  Code  Lc  xprintflarge_nomb.o [3]
NVIC_DisableIRQ         0x00002d09    0x14  Code  Lc  VCAN_OV7725_Eagle.o [1]
NVIC_EnableIRQ          0x00001a09    0x16  Code  Lc  main.o [1]
NVIC_EnableIRQ          0x00004bed    0x16  Code  Lc  MK60_uart.o [1]
NVIC_EnableIRQ          0x000034b5    0x14  Code  Lc  receive.o [1]
NVIC_EnableIRQ          0x00002cf5    0x14  Code  Lc  VCAN_OV7725_Eagle.o [1]
NVIC_SetPriority        0x00001a1f    0x2a  Code  Lc  main.o [1]
OLED_DLY_ms             0x000023d7    0x18  Code  Gb  OLED.o [1]
OLED_Fill               0x0000239d    0x3a  Code  Gb  OLED.o [1]
OLED_Init               0x000023ef    0xd8  Code  Gb  OLED.o [1]
OLED_Set_Pos            0x00002375    0x28  Code  Gb  OLED.o [1]
OLED_WrCmd              0x0000232b    0x4a  Code  Gb  OLED.o [1]
OLED_WrDat              0x000022a9    0x82  Code  Gb  OLED.o [1]
PIT2_IRQHandler         0x00002019    0x20  Code  Gb  main.o [1]
PORTA_IRQHandler        0x00002f45    0x2a  Code  Gb  camera.o [1]
PORTX                   0x1fff0bb0    0x14  Data  Gb  MK60_port.o [1]
Region$$Table$$Base     0x00006760           --   Gb  - Linker created -
Region$$Table$$Limit    0x00006770           --   Gb  - Linker created -
Reset_Handler           0x00000411          Code  Gb  startup_MK60DZ10.o [1]
SCCB_Ack                0x00004805    0x3c  Code  Lc  VCAN_SCCB.o [1]
SCCB_GPIO_init          0x0000474b    0x28  Code  Gb  VCAN_SCCB.o [1]
SCCB_NoAck              0x00004841    0x3c  Code  Lc  VCAN_SCCB.o [1]
SCCB_ReadByte           0x000049e1    0x2c  Code  Gb  VCAN_SCCB.o [1]
SCCB_ReadByte_one       0x00004a0d    0x86  Code  Lc  VCAN_SCCB.o [1]
SCCB_ReceiveByte        0x0000490d    0x54  Code  Lc  VCAN_SCCB.o [1]
SCCB_SendByte           0x000048c9    0x44  Code  Lc  VCAN_SCCB.o [1]
SCCB_Start              0x00004773    0x5e  Code  Lc  VCAN_SCCB.o [1]
SCCB_Stop               0x000047d1    0x34  Code  Lc  VCAN_SCCB.o [1]
SCCB_WaitAck            0x0000487d    0x4c  Code  Lc  VCAN_SCCB.o [1]
SCCB_WriteByte          0x00004971    0x28  Code  Gb  VCAN_SCCB.o [1]
SCCB_WriteByte_one      0x00004999    0x48  Code  Lc  VCAN_SCCB.o [1]
SCCB_delay              0x00004731    0x1a  Code  Lc  VCAN_SCCB.o [1]
Task_50Hz               0x00001eb1    0xae  Code  Gb  main.o [1]
Task_50Hz_init          0x00001feb    0x2c  Code  Gb  main.o [1]
UARTN                   0x1fff0bc4    0x18  Data  Gb  MK60_uart.o [1]
V                       0x1fff041c     0x4  Data  Gb  main.o [1]
_GenldLargeNoMb         0x00000d89   0x236  Code  Lc  xprintflarge_nomb.o [3]
_IsdstStr               0x1fff2a40     0x4  Data  Gb  setlocale.o [3]
_LdtobLargeNoMb         0x00000b09   0x27a  Code  Lc  xprintflarge_nomb.o [3]
_LitobLargeNoMb         0x00000a01   0x106  Code  Lc  xprintflarge_nomb.o [3]
_LocaleC_isspace        0x000054c9    0x14  Code  Gb  xlocale_c.o [3]
_LocaleC_tolower        0x000054dd     0xc  Code  Gb  xlocale_c.o [3]
_LocaleForCat           0x000054b1    0x12  Code  Gb  setlocale.o [3]
_LocaleReturnString     0x1fff2a60    0x50  Data  Lc  setlocale.o [3]
_Locale_Profile         0x1fff2a44    0x1c  Data  Gb  setlocale.o [3]
_Locale_aeabi_lconv     0x1fff2a04    0x38  Data  Gb  localeconv.o [3]
_Locale_lconv           0x1fff29b4    0x50  Data  Gb  localeconv.o [3]
_PrintfLargeNoMb        0x00000419   0x574  Code  Gb  xprintflarge_nomb.o [3]
_Prout                  0x000067fd    0x16  Code  Gb  xprout.o [3]
_PutcharsLargeNoMb      0x00000fbf    0x2e  Code  Lc  xprintflarge_nomb.o [3]
_Strtok_ssave           0x1fff2ab0     0x4  Data  Lc  strtok.o [3]
_TzoneStr               0x1fff2a3c     0x4  Data  Gb  setlocale.o [3]
__BOOT_STACK_ADDRESS {Abs}
                        0x2000fff8           --   Gb  command line/config [2]
__VECTOR_RAM {Abs}      0x1fff0000           --   Gb  command line/config [2]
__VECTOR_TABLE {Abs}    0x00000000           --   Gb  command line/config [2]
__aeabi_cdcmpeq         0x000052b5          Code  Gb  DblCmpEq.o [4]
__aeabi_cdcmple         0x00001279          Code  Gb  DblCmpLe.o [4]
__aeabi_cdrcmple        0x000040e9          Code  Gb  DblCmpGe.o [4]
__aeabi_d2f             0x00002689          Code  Gb  DblToFlt.o [4]
__aeabi_d2iz            0x00001695          Code  Gb  DblToI32.o [4]
__aeabi_d2uiz           0x000016c1          Code  Gb  DblToI32.o [4]
__aeabi_dadd            0x0000191d          Code  Gb  DblAdd.o [4]
__aeabi_ddiv            0x0000144d          Code  Gb  DblDiv.o [4]
__aeabi_dmul            0x000012a9          Code  Gb  DblMul.o [4]
__aeabi_dsub            0x0000171d          Code  Gb  DblSub.o [4]
__aeabi_errno_addr      0x00004ffd     0x6  Code  Gb  errno.o [3]
__aeabi_f2d             0x00002639          Code  Gb  FltToDbl.o [4]
__aeabi_i2d             0x000016ed          Code  Gb  I32ToDbl.o [4]
__aeabi_ldiv0           0x00001919          Code  Gb  I64DivZer.o [5]
__aeabi_ui2d            0x00001701          Code  Gb  I32ToDbl.o [4]
__aeabi_uldivmod        0x000010d1          Code  Gb  I64DivMod.o [5]
__cmain                 0x00006791          Code  Gb  cmain.o [5]
__code_start__ {Abs}    0x00000410           --   Gb  command line/config [2]
__exit                  0x000067c1          Code  Gb  XXexit.o [5]
__iar_Dint              0x00005235    0x7e  Code  Gb  xdint.o [4]
__iar_Dnorm             0x00001237    0x42  Code  Gb  xdnorm.o [4]
__iar_Errno             0x1fff2ab4     0x4  Data  Gb  errno.o [3]
__iar_Locale_lconv_init
                        0x0000189d    0x3a  Code  Gb  localeconv.o [3]
__iar_Memchr            0x00001079          Code  Gb  memchr.o [5]
__iar_Quad              0x00004e95   0x12c  Code  Gb  xquad.o [4]
__iar_Stdout            0x1fff0c6c    0x40  Data  Gb  xfiles.o [3]
__iar_Stoul             0x000051e1     0x4  Code  Gb  xstoul.o [3]
__iar_Stoulx            0x0000509d   0x13e  Code  Gb  xstoul.o [3]
__iar_Strchr            0x00001029          Code  Gb  strchr.o [5]
__iar_d2uiz             0x000016cd          Code  Gb  DblToI32.o [4]
__iar_dadd              0x00001931          Code  Gb  DblAdd.o [4]
__iar_data_init3        0x000066a9    0x28  Code  Gb  data_init.o [5]
__iar_dlib_perthread_access
                        0x00001a05     0x2  Code  Gb  xtls.o [3]
__iar_dsub              0x00001731          Code  Gb  DblSub.o [4]
__iar_dsubStart         0x00001743          Code  Gb  DblSub.o [4]
__iar_edom              0x000054a5          Code  Gb  iarEdom.o [5]
__iar_fmod              0x000052d5          Code  Gb  fmod.o [4]
__iar_fmodl             0x000052d5          Code  Gb  fmod.o [4]
__iar_init_vfp          0x0000673d          Code  Gb  fpinit_M.o [4]
__iar_program_start     0x00006835          Code  Gb  cstartup_M.o [5]
__iar_ui2d              0x00001705          Code  Gb  I32ToDbl.o [4]
__iar_unaligned___aeabi_memcpy
                        0x000011c1          Code  Gb  ABImemcpy_unaligned.o [5]
__iar_unaligned___aeabi_memcpy4
                        0x000011e1          Code  Gb  ABImemcpy_unaligned.o [5]
__iar_unaligned___aeabi_memcpy8
                        0x000011e1          Code  Gb  ABImemcpy_unaligned.o [5]
__iar_vfp_tan           0x0000449d    0x10  Code  Gb  tan.o [4]
__iar_zero_init3        0x00001007    0x22  Code  Gb  zero_init3.o [5]
__low_level_init        0x000067ab     0x4  Code  Gb  low_level_init.o [3]
__vector_table          0x00000000   0x410  Data  Gb  vectors.o [1]
_call_main              0x0000679d          Code  Gb  cmain.o [5]
_exit                   0x000067b5          Code  Gb  cexit.o [5]
_main                   0x000067a7          Code  Gb  cmain.o [5]
adc_init                0x000031fd   0x20e  Code  Gb  MK60_adc.o [1]
adc_once                0x0000340b    0x50  Code  Gb  MK60_adc.o [1]
adc_start               0x0000345b    0x44  Code  Lc  MK60_adc.o [1]
aim_left_temp           0x1fff2680     0x4  Data  Gb  FTM.o [1]
aim_right_temp          0x1fff2688     0x4  Data  Gb  FTM.o [1]
area                    0x1fff25f8     0x4  Data  Gb  camera.o [1]
arkerman_coefficient    0x1fff0414     0x4  Data  Gb  FTM.o [1]
arkerman_time           0x1fff0410     0x4  Data  Gb  FTM.o [1]
arkm_coe                0x1fff0418     0x4  Data  Gb  main.o [1]
assert_failed           0x00004b1d    0x26  Code  Gb  MK60_conf.o [1]
atoi                    0x00004be5     0x8  Code  Gb  atoi.o [3]
bluetooth_init          0x000036ad    0x22  Code  Gb  receive.o [1]
bus_clk_khz             0x1fff2958     0x4  Data  Gb  system_MK60DZ10.o [1]
cameraInit              0x00002f25    0x1e  Code  Gb  camera.o [1]
cnt                     0x1fff25f4     0x4  Data  Gb  camera.o [1]
common_startup          0x000061c7    0x98  Code  Gb  system_MK60DZ10.o [1]
control                 0x00001a59   0x448  Code  Gb  main.o [1]
control_car             0x0000373d    0x30  Code  Gb  control_car.o [1]
control_duty            0x1fff0bf8     0x4  Data  Gb  receive.o [1]
core_clk_khz            0x1fff2950     0x4  Data  Gb  system_MK60DZ10.o [1]
core_clk_mhz            0x1fff2954     0x4  Data  Gb  system_MK60DZ10.o [1]
current_flow_left       0x1fff26c0     0x4  Data  Gb  main.o [1]
current_flow_right      0x1fff26c4     0x4  Data  Gb  main.o [1]
default_isr             0x00004b57    0x30  Code  Gb  MK60_conf.o [1]
dif_speed               0x00002a55   0x210  Code  Gb  FTM.o [1]
digits                  0x000051e4    0x28  Data  Lc  xstoul.o [3]
display_cross_x         0x1fff26b0     0x4  Data  Gb  main.o [1]
display_cross_y         0x1fff26b4     0x4  Data  Gb  main.o [1]
div                     0x00001909     0xe  Code  Gb  div.o [3]
dma_gpio_input_init     0x000044ad    0x5c  Code  Lc  MK60_dma.o [1]
dma_portx2buff_init     0x00004509   0x1f4  Code  Gb  MK60_dma.o [1]
echo_left_temp          0x1fff2684     0x4  Data  Gb  FTM.o [1]
echo_right_temp         0x1fff268c     0x4  Data  Gb  FTM.o [1]
echo_speed              0x1fff2634     0x4  Data  Gb  FTM.o [1]
echo_speed_process      0x00001fb7    0x34  Code  Gb  main.o [1]
err_dif                 0x1fff26a0     0x4  Data  Gb  main.o [1]
err_integral_max        0x0000684c     0x4  Data  Gb  main.o [1]
exit                    0x000067af     0x4  Code  Gb  exit.o [3]
f_abs                   0x00002297    0x12  Code  Gb  main.o [1]
fchar                   0x1fff27a4     0x4  Data  Gb  receive.o [1]
filter_echo_speed       0x1fff2638     0x4  Data  Gb  FTM.o [1]
flag_stop               0x1fff0bdc     0x4  Data  Gb  receive.o [1]
fmod                    0x000052d5          Code  Gb  fmod.o [4]
fmodl                   0x000052d5          Code  Gb  fmod.o [4]
fputc                   0x00004b43    0x14  Code  Gb  MK60_conf.o [1]
ftm_mod                 0x1fff26c8    0x10  Data  Lc  MK60_ftm.o [1]
ftm_pwm_duty            0x00003e5b   0x11a  Code  Gb  MK60_ftm.o [1]
ftm_pwm_init            0x00003cad   0x1ae  Code  Gb  MK60_ftm.o [1]
ftm_quad_clean          0x000040a7    0x28  Code  Gb  MK60_ftm.o [1]
ftm_quad_get            0x0000407b    0x2c  Code  Gb  MK60_ftm.o [1]
ftm_quad_init           0x00003f75   0x106  Code  Gb  MK60_ftm.o [1]
ftranslation            0x1fff27a0     0x4  Data  Gb  receive.o [1]
gpio_init               0x0000376d    0xae  Code  Gb  MK60_gpio.o [1]
gpio_set                0x0000381b    0x74  Code  Gb  MK60_gpio.o [1]
gpio_turn               0x0000388f    0x3a  Code  Gb  MK60_gpio.o [1]
i                       0x1fff29b1     0x1  Data  Gb  main.o [1]
img                     0x1fff0f70  0x12c0  Data  Gb  camera.o [1]
img_extract             0x00002f79    0x90  Code  Gb  camera.o [1]
img_process             0x000030bf   0x10a  Code  Gb  camera.o [1]
imgbuff                 0x1fff0d18   0x258  Data  Gb  camera.o [1]
imgx_process            0x00003009    0xb6  Code  Gb  camera.o [1]
isspace                 0x0000547d    0x14  Code  Gb  isxxx.o [3]
j1                      0x1fff27b0     0x4  Data  Gb  receive.o [1]
k                       0x1fff27ac     0x4  Data  Gb  receive.o [1]
last_back               0x1fff2948     0x4  Data  Gb  receive.o [1]
last_head               0x1fff2944     0x4  Data  Gb  receive.o [1]
last_steer_err          0x1fff26a4     0x4  Data  Gb  main.o [1]
led_init                0x00005009    0x3a  Code  Gb  VCAN_LED.o [1]
led_turn                0x00005043    0x10  Code  Gb  VCAN_LED.o [1]
left_duty               0x1fff2690     0x4  Data  Gb  FTM.o [1]
left_err                0x1fff2660     0x4  Data  Gb  FTM.o [1]
left_err_dif            0x1fff2664     0x4  Data  Gb  FTM.o [1]
left_err_integral       0x1fff2668     0x4  Data  Gb  FTM.o [1]
left_last_err           0x1fff266c     0x4  Data  Gb  FTM.o [1]
left_line               0x1fff2410    0xf0  Data  Gb  camera.o [1]
left_max                0x00006840     0x4  Data  Gb  FTM.o [1]
length                  0x1fff2320    0xf0  Data  Gb  camera.o [1]
lenstr                  0x1fff27a8     0x4  Data  Gb  receive.o [1]
localeconv              0x000018d7    0x16  Code  Gb  localeconv.o [3]
main                    0x00001a49    0x10  Code  Gb  main.o [1]
mcg_cfg                 0x1fff0b54    0x58  Data  Gb  MK60_mcg.o [1]
mcg_div                 0x1fff0bac     0x4  Data  Gb  MK60_mcg.o [1]
mcg_div_count           0x00005d8d   0x304  Code  Gb  MK60_mcg.o [1]
memchr                  0x00001079          Code  Gb  memchr.o [5]
mid_12                  0x1fff25fc    0x30  Data  Gb  camera.o [1]
midx                    0x1fff2230    0xf0  Data  Gb  camera.o [1]
motor                   0x0000280f   0x246  Code  Gb  FTM.o [1]
ndigs                   0x0000520c    0x28  Data  Lc  xstoul.o [3]
obuf                    0x1fff2960    0x50  Data  Lc  xfiles.o [3]
ov7725_eagle_cfgnum     0x1fff0c68     0x1  Data  Gb  VCAN_OV7725_Eagle.o [1]
ov7725_eagle_dma        0x00002dcd    0x14  Code  Gb  VCAN_OV7725_Eagle.o [1]
ov7725_eagle_get_img    0x00002de1    0x42  Code  Gb  VCAN_OV7725_Eagle.o [1]
ov7725_eagle_img_buff   0x1fff295c     0x4  Data  Gb  VCAN_OV7725_Eagle.o [1]
ov7725_eagle_img_flag   0x1fff0c00     0x1  Data  Gb  VCAN_OV7725_Eagle.o [1]
ov7725_eagle_init       0x00002d1d    0x18  Code  Gb  VCAN_OV7725_Eagle.o [1]
ov7725_eagle_port_init  0x00002d35    0x54  Code  Lc  VCAN_OV7725_Eagle.o [1]
ov7725_eagle_reg        0x1fff0c04    0x64  Data  Gb  VCAN_OV7725_Eagle.o [1]
ov7725_eagle_reg_init   0x00002e23    0xb0  Code  Lc  VCAN_OV7725_Eagle.o [1]
ov7725_eagle_vsync      0x00002d89    0x44  Code  Gb  VCAN_OV7725_Eagle.o [1]
pid_init                0x00002799    0x76  Code  Gb  FTM.o [1]
pid_left                0x1fff263c     0xc  Data  Gb  FTM.o [1]
pid_right               0x1fff2648     0xc  Data  Gb  FTM.o [1]
pit_init                0x00003985    0x6c  Code  Gb  MK60_PIT.o [1]
pll_init                0x00006091    0xb2  Code  Gb  MK60_mcg.o [1]
port_init               0x00003a51    0x44  Code  Gb  MK60_port.o [1]
port_init_NoALT         0x00003a95    0x62  Code  Gb  MK60_port.o [1]
printf                  0x00004a95    0x24  Code  Gb  printf.o [3]
putchar                 0x00006815     0xc  Code  Gb  putchar.o [3]
r_back                  0x1fff0be8     0x4  Data  Gb  receive.o [1]
r_head                  0x1fff0be4     0x4  Data  Gb  receive.o [1]
r_left                  0x1fff0bec     0x4  Data  Gb  receive.o [1]
r_mid                   0x1fff0bf4     0x4  Data  Gb  receive.o [1]
r_right                 0x1fff0bf0     0x4  Data  Gb  receive.o [1]
real_speed              0x1fff26b8     0x4  Data  Gb  main.o [1]
rec_uart                0x000035d7    0xd6  Code  Gb  receive.o [1]
receive_char            0x1fff29b2     0x1  Data  Gb  receive.o [1]
receive_num             0x1fff27b4   0x190  Data  Gb  receive.o [1]
right_duty              0x1fff2694     0x4  Data  Gb  FTM.o [1]
right_err               0x1fff2670     0x4  Data  Gb  FTM.o [1]
right_err_dif           0x1fff2674     0x4  Data  Gb  FTM.o [1]
right_err_integral      0x1fff2678     0x4  Data  Gb  FTM.o [1]
right_last_err          0x1fff267c     0x4  Data  Gb  FTM.o [1]
right_line              0x1fff2500    0xf0  Data  Gb  camera.o [1]
right_max               0x00006844     0x4  Data  Gb  FTM.o [1]
set_sys_dividers        0x1fff0cad    0x50  Code  Gb  MK60_mcg.o [1]
set_vector_handler      0x00003a23    0x22  Code  Gb  misc.o [1]
start                   0x00006161    0x2a  Code  Gb  system_MK60DZ10.o [1]
start_mode              0x1fff0be0     0x4  Data  Gb  receive.o [1]
steer                   0x1fff2654     0xc  Data  Gb  FTM.o [1]
steer_duty              0x1fff26ac     0x4  Data  Gb  main.o [1]
steer_err               0x1fff2698     0x4  Data  Gb  main.o [1]
steer_err_integral      0x1fff269c     0x4  Data  Gb  main.o [1]
steer_mid               0x00006848     0x4  Data  Gb  FTM.o [1]
str                     0x1fff26d8    0x64  Data  Gb  receive.o [1]
str1                    0x1fff273c    0x64  Data  Gb  receive.o [1]
strchr                  0x00001029          Code  Gb  strchr.o [5]
strcspn                 0x0000507b    0x22  Code  Gb  strcspn.o [3]
strlen                  0x00001041          Code  Gb  strlen.o [5]
strspn                  0x00005059    0x22  Code  Gb  strspn.o [3]
strtok                  0x00004b99    0x4c  Code  Gb  strtok.o [3]
sum                     0x1fff25f0     0x4  Data  Gb  camera.o [1]
sysinit                 0x0000618b    0x3c  Code  Gb  system_MK60DZ10.o [1]
system_init             0x00001f65    0x52  Code  Gb  main.o [1]
systick_delay           0x00004ab9    0x36  Code  Gb  MK60_SysTick.o [1]
systick_delay_ms        0x00004aef    0x18  Code  Gb  MK60_SysTick.o [1]
t_control               0x000034c9    0x2a  Code  Gb  receive.o [1]
tan                     0x00004119   0x37e  Code  Gb  tan.o [4]
temp                    0x1fff0d10     0x8  Data  Gb  FTM.o [1]
time_point              0x1fff26bc     0x4  Data  Gb  main.o [1]
tolower                 0x00005491    0x14  Code  Gb  tolower.o [3]
translation             0x000034f3    0xe4  Code  Gb  receive.o [1]
turn_compensation       0x1fff26a8     0x4  Data  Gb  main.o [1]
turn_flag               0x1fff29b0     0x1  Data  Gb  main.o [1]
uart_getchar            0x00004e17    0x1e  Code  Gb  MK60_uart.o [1]
uart_init               0x00004c03   0x214  Code  Gb  MK60_uart.o [1]
uart_putchar            0x00004e35    0x1a  Code  Gb  MK60_uart.o [1]
uart_rx_irq_en          0x00004e4f    0x2a  Code  Gb  MK60_uart.o [1]
v_left                  0x1fff0d00     0x8  Data  Gb  FTM.o [1]
v_mode                  0x1fff294c     0x4  Data  Gb  receive.o [1]
v_right                 0x1fff0d08     0x8  Data  Gb  FTM.o [1]
vector_str              0x1fff0428   0x708  Data  Gb  MK60_conf.o [1]
wdog_disable            0x0000629d    0x16  Code  Gb  MK60_wdog.o [1]
wdog_unlock             0x000062b3    0x20  Code  Lc  MK60_wdog.o [1]
write_vtor              0x00003a01    0x22  Code  Gb  misc.o [1]


[1] = C:\Moonstar\AILab\第十三届恩智浦智能车竞赛\meetingcar\software\_10.13new\_10.13new\Prj\IAR\FN15_Debug\Obj
[2] = command line
[3] = dl7M_tlf.a
[4] = m7M_tls.a
[5] = rt7M_tl.a

  22 244 bytes of readonly  code memory
      80 bytes of readwrite code memory
   4 720 bytes of readonly  data memory
   9 811 bytes of readwrite data memory

Errors: none
Warnings: none
